
Setting environment for using XAMPP for Windows.
716012@203-IMAC14 c:\xampp
# mysql -u root -p
Enter password:
Welcome to the MariaDB monitor.  Commands end with ; or \g.
Your MariaDB connection id is 3
Server version: 10.1.21-MariaDB mariadb.org binary distribution

Copyright (c) 2000, 2016, Oracle, MariaDB Corporation Ab and others.

Type 'help;' or '\h' for help. Type '\c' to clear the current input statement.

MariaDB [(none)]> show database;
ERROR 1064 (42000): You have an error in your SQL syntax; check the manual that corresponds to your MariaDB server version for the right syntax to use near 'database' at line 1
MariaDB [(none)]> show database;
ERROR 1064 (42000): You have an error in your SQL syntax; check the manual that corresponds to your MariaDB server version for the right syntax to use near 'database' at line 1
MariaDB [(none)]> show databases;
+--------------------+
| Database           |
+--------------------+
| information_schema |
| mysql              |
| performance_schema |
| phpmyadmin         |
| test               |
+--------------------+
5 rows in set (0.01 sec)

MariaDB [(none)]> create database myTestDb
    -> create database myTestDb;
ERROR 1064 (42000): You have an error in your SQL syntax; check the manual that corresponds to your MariaDB server version for the right syntax to use near 'create database myTestDb' at line 2
MariaDB [(none)]> create database myTestDb;
Query OK, 1 row affected (0.00 sec)

MariaDB [(none)]> show databases;
+--------------------+
| Database           |
+--------------------+
| information_schema |
| mysql              |
| mytestdb           |
| performance_schema |
| phpmyadmin         |
| test               |
+--------------------+
6 rows in set (0.00 sec)

MariaDB [(none)]> use database myTestDb
ERROR 1049 (42000): Unknown database 'database'
MariaDB [(none)]>use  myTestDb
Database changed
MariaDB [myTestDb]> show tables;
Empty set (0.00 sec)

MariaDB [myTestDb]>
MariaDB [myTestDb]> create Table Student (
    -> );
ERROR 1064 (42000): You have an error in your SQL syntax; check the manual that corresponds to your MariaDB server version for the right syntax to use near ')' at line 2
MariaDB [myTestDb]> create Table Student ( SIdint, SName varchar(25), Gender varchar(10), Age int(3) );
Query OK, 0 rows affected (0.57 sec)

MariaDB [myTestDb]> Show tables
    -> Show tables;
ERROR 1064 (42000): You have an error in your SQL syntax; check the manual that corresponds to your MariaDB server version for the right syntax to use near 'Show tables' at line 2
MariaDB [myTestDb]> Show tables;
+--------------------+
| Tables_in_mytestdb |
+--------------------+
| student            |
+--------------------+
1 row in set (0.01 sec)

MariaDB [myTestDb]> create Table T (use int(5) );
ERROR 1064 (42000): You have an error in your SQL syntax; check the manual that corresponds to your MariaDB server version for the right syntax to use near 'use int(5) )' at line 1
MariaDB [myTestDb]> create Table T ([use] int(5) );
ERROR 1064 (42000): You have an error in your SQL syntax; check the manual that corresponds to your MariaDB server version for the right syntax to use near '[use] int(5) )' at line 1
MariaDB [myTestDb]> create Table T ('use' int(5) );
ERROR 1064 (42000): You have an error in your SQL syntax; check the manual that corresponds to your MariaDB server version for the right syntax to use near ''use' int(5) )' at line 1
MariaDB [myTestDb]> create Table T (`use` int(5) );
Query OK, 0 rows affected (0.23 sec)

MariaDB [myTestDb]>desc t;
+-------+--------+------+-----+---------+-------+
| Field | Type   | Null | Key | Default | Extra |
+-------+--------+------+-----+---------+-------+
| use   | int(5) | YES  |     | NULL    |       |
+-------+--------+------+-----+---------+-------+
1 row in set (0.00 sec)

MariaDB [myTestDb]>insert  into Student (sid,Sname,gender,Age) values (1,'Abdeali,'Male',25);
    '>insert  into Student (sid,Sname,gender,Age) values (1,'Abdeali','Male',25);
    '>insert  into Student  values (1,'Abdeali','Male',25);
    '> ;
    '> exit
    '> ^XBye

716012@203-IMAC14 c:\xampp
# mysql -u root -p
Enter password:
Welcome to the MariaDB monitor.  Commands end with ; or \g.
Your MariaDB connection id is 4
Server version: 10.1.21-MariaDB mariadb.org binary distribution

Copyright (c) 2000, 2016, Oracle, MariaDB Corporation Ab and others.

Type 'help;' or '\h' for help. Type '\c' to clear the current input statement.

MariaDB [(none)]> use mytesdb
ERROR 1049 (42000): Unknown database 'mytesdb'
MariaDB [(none)]> use myTestDb;
Database changed
MariaDB [myTestDb]>insert  into Student  values (1,'Abdeali','Male',25);
Query OK, 1 row affected (0.06 sec)

MariaDB [myTestDb]> select * from Student;
+------+---------+--------+------+
| SId  |SName   | Gender | Age  |
+------+---------+--------+------+
|    1 | Abdeali | Male   |   25 |
+------+---------+--------+------+
1 row in set (0.00 sec)

MariaDB [myTestDb]>insert  into Student  values (2,'Vipul','Male',45);
Query OK, 1 row affected (0.06 sec)

MariaDB [myTestDb]>insert  into Student (SId,SName,Gender,Age) values (3,'Sakina','Female',23);
Query OK, 1 row affected (0.05 sec)

MariaDB [myTestDb]>insert  into Student (SId,SName,Gender,Age) values (4,'Sarah','Female',12);
Query OK, 1 row affected (0.05 sec)

MariaDB [myTestDb]>insert  into Student (SId,SName,Gender,Age) values (5,'Mike','Male',30);
Query OK, 1 row affected (0.05 sec)

MariaDB [myTestDb]> select * from Student;
+------+---------+--------+------+
| SId  |SName   | Gender | Age  |
+------+---------+--------+------+
|    1 | Abdeali | Male   |   25 |
|    2 | Vipul   | Male   |   45 |
|    3 | Sakina  | Female |   23 |
|    4 | Sarah   | Female |   12 |
|    5 | Mike    | Male   |   30 |
+------+---------+--------+------+
5 rows in set (0.00 sec)

MariaDB [myTestDb]> SELECT * FROM Student where SId> 2
    -> SELECT * FROM Student where SId> 2;
ERROR 1064 (42000): You have an error in your SQL syntax; check the manual that corresponds to your MariaDB server version for the right syntax to use near 'SELECT * FROM Student where SId> 2' at line 2
MariaDB [myTestDb]> SELECT * FROM Student where SId> 2;
+------+--------+--------+------+
| SId  |SName  | Gender | Age  |
+------+--------+--------+------+
|    3 | Sakina | Female |   23 |
|    4 | Sarah  | Female |   12 |
|    5 | Mike   | Male   |   30 |
+------+--------+--------+------+
3 rows in set (0.00 sec)

MariaDB [myTestDb]> SELECT ROWNumber(),* FROM Student where SId> 2;
ERROR 1064 (42000): You have an error in your SQL syntax; check the manual that corresponds to your MariaDB server version for the right syntax to use near '* FROM Student where SId> 2' at line 1
MariaDB [myTestDb]> SELECT ROW_Number(),* FROM Student where SId> 2;
ERROR 1064 (42000): You have an error in your SQL syntax; check the manual that corresponds to your MariaDB server version for the right syntax to use near '* FROM Student where SId> 2' at line 1
MariaDB [myTestDb]> SELECT * FROM Student where SId limit 2;
+------+---------+--------+------+
| SId  |SName   | Gender | Age  |
+------+---------+--------+------+
|    1 | Abdeali | Male   |   25 |
|    2 | Vipul   | Male   |   45 |
+------+---------+--------+------+
2 rows in set (0.00 sec)

MariaDB [myTestDb]> SELECT top(2) * FROM Student where SId limit 2;
ERROR 1064 (42000): You have an error in your SQL syntax; check the manual that corresponds to your MariaDB server version for the right syntax to use near 'FROM Student where SId limit 2' at line 1
MariaDB [myTestDb]> SELECT top  * FROM Student where SId limit 2;
ERROR 1064 (42000): You have an error in your SQL syntax; check the manual that corresponds to your MariaDB server version for the right syntax to use near 'FROM Student where SId limit 2' at line 1
MariaDB [myTestDb]> SELECT   * FROM Student where SId limit 2 ;
+------+---------+--------+------+
| SId  |SName   | Gender | Age  |
+------+---------+--------+------+
|    1 | Abdeali | Male   |   25 |
|    2 | Vipul   | Male   |   45 |
+------+---------+--------+------+
2 rows in set (0.00 sec)

MariaDB [myTestDb]> DESCRIBE Student ;
+--------+-------------+------+-----+---------+-------+
| Field  | Type        | Null | Key | Default | Extra |
+--------+-------------+------+-----+---------+-------+
| SId    | int(11)     | YES  |     | NULL    |       |
| SName  | varchar(25) | YES  |     | NULL    |       |
| Gender | varchar(10) | YES  |     | NULL    |       |
| Age    | int(3)      | YES  |     | NULL    |       |
+--------+-------------+------+-----+---------+-------+
4 rows in set (0.00 sec)

MariaDB [myTestDb]> Select * from Student like 'ab%';
ERROR 1064 (42000): You have an error in your SQL syntax; check the manual that corresponds to your MariaDB server version for the right syntax to use near 'like 'ab%'' at line 1
MariaDB [myTestDb]> Select * from Student where SName like 'ab%';
+------+---------+--------+------+
| SId  |SName   | Gender | Age  |
+------+---------+--------+------+
|    1 | Abdeali | Male   |   25 |
+------+---------+--------+------+
1 row in set (0.00 sec)

MariaDB [myTestDb]> Select * from Student where SName like '%a%';
+------+---------+--------+------+
| SId  |SName   | Gender | Age  |
+------+---------+--------+------+
|    1 | Abdeali | Male   |   25 |
|    3 | Sakina  | Female |   23 |
|    4 | Sarah   | Female |   12 |
+------+---------+--------+------+
3 rows in set (0.00 sec)

MariaDB [myTestDb]> Select * from Student where SName like '%ali';
+------+---------+--------+------+
| SId  |SName   | Gender | Age  |
+------+---------+--------+------+
|    1 | Abdeali | Male   |   25 |
+------+---------+--------+------+
1 row in set (0.00 sec)

MariaDB [myTestDb]> Select * from Student where SName like '%_b';
Empty set (0.00 sec)

MariaDB [myTestDb]> Select * from Student where SName like '_b%';
+------+---------+--------+------+
| SId  |SName   | Gender | Age  |
+------+---------+--------+------+
|    1 | Abdeali | Male   |   25 |
+------+---------+--------+------+
1 row in set (0.00 sec)

MariaDB [myTestDb]> Select * from Student where SName like '_b%' or '_a%';
+------+---------+--------+------+
| SId  |SName   | Gender | Age  |
+------+---------+--------+------+
|    1 | Abdeali | Male   |   25 |
+------+---------+--------+------+
1 row in set, 4 warnings (0.00 sec)

MariaDB [myTestDb]> Select * from Student where SName like '_b%' or SNm like '_a%';
ERROR 1054 (42S22): Unknown column 'SNm' in 'where clause'
MariaDB [myTestDb]> Select * from Student where SName like '_b%' or SName like '_a%';
+------+---------+--------+------+
| SId  |SName   | Gender | Age  |
+------+---------+--------+------+
|    1 | Abdeali | Male   |   25 |
|    3 | Sakina  | Female |   23 |
|    4 | Sarah   | Female |   12 |
+------+---------+--------+------+
3 rows in set (0.01 sec)

MariaDB [myTestDb]> Select * from Student where Age Between 12 and 25;
+------+---------+--------+------+
| SId  |SName   | Gender | Age  |
+------+---------+--------+------+
|    1 | Abdeali | Male   |   25 |
|    3 | Sakina  | Female |   23 |
|    4 | Sarah   | Female |   12 |
+------+---------+--------+------+
3 rows in set (0.00 sec)

MariaDB [myTestDb]> Select * from Student where Age IN 12 and 25;
ERROR 1064 (42000): You have an error in your SQL syntax; check the manual that corresponds to your MariaDB server version for the right syntax to use near '12 and 25' at line 1
MariaDB [myTestDb]> Select * from Student where Age Between 12 and 25;
+------+---------+--------+------+
| SId  |SName   | Gender | Age  |
+------+---------+--------+------+
|    1 | Abdeali | Male   |   25 |
|    3 | Sakina  | Female |   23 |
|    4 | Sarah   | Female |   12 |
+------+---------+--------+------+
3 rows in set (0.00 sec)

MariaDB [myTestDb]> Select * from Student where Age IN (12,25);
+------+---------+--------+------+
| SId  |SName   | Gender | Age  |
+------+---------+--------+------+
|    1 | Abdeali | Male   |   25 |
|    4 | Sarah   | Female |   12 |
+------+---------+--------+------+
2 rows in set (0.00 sec)

MariaDB [myTestDb]> Alter Table Student
    -> Add Marks int(5);
Query OK, 0 rows affected (0.41 sec)
Records: 0  Duplicates: 0  Warnings: 0

MariaDB [myTestDb]> Select * from Student
    -> ;
+------+---------+--------+------+-------+
| SId  |SName   | Gender | Age  | Marks |
+------+---------+--------+------+-------+
|    1 | Abdeali | Male   |   25 |  NULL |
|    2 | Vipul   | Male   |   45 |  NULL |
|    3 | Sakina  | Female |   23 |  NULL |
|    4 | Sarah   | Female |   12 |  NULL |
|    5 | Mike    | Male   |   30 |  NULL |
+------+---------+--------+------+-------+
5 rows in set (0.00 sec)

MariaDB [myTestDb]> Alter Table Student
    -> Add City varchar(255) AFTER gender;
Query OK, 0 rows affected (0.38 sec)
Records: 0  Duplicates: 0  Warnings: 0

MariaDB [myTestDb]> Select SId as 'StudentId' from Student ;
+-----------+
| StudentId |
+-----------+
|         1 |
|         2 |
|         3 |
|         4 |
|         5 |
+-----------+
5 rows in set (0.00 sec)

MariaDB [myTestDb]>
DAY 3
====================================================================================
MariaDB [MyTEstDb]> Update Student set City='Toronto' where Id=1;
ERROR 1054 (42S22): Unknown column 'Id' in 'where clause'
MariaDB [MyTEstDb]> Update Student set City='Toronto' where SId=1;
Query OK, 1 row affected (0.08 sec)
Rows matched: 1  Changed: 1  Warnings: 0

MariaDB [MyTEstDb]> Update Student set='Mumbai' , marks=125 where SId=2 and Gender='Male';
ERROR 1064 (42000): You have an error in your SQL syntax; check the manual that corresponds to your MariaDB server version for the right syntax to use near '='Mumbai' , marks=125 where SId=2 and Gender='Male'' at line 1
MariaDB [MyTEstDb]> Update Student set City='Mumbai' , marks=125 where SId=2 and Gender='Male';
Query OK, 2 rows affected (0.06 sec)
Rows matched: 2  Changed: 2  Warnings: 0

MariaDB [MyTEstDb]> Update Student set City='London', marks=125 where SId=5;
Query OK, 1 row affected (0.05 sec)
Rows matched: 1  Changed: 1  Warnings: 0

MariaDB [MyTEstDb]> Select Version();
+-----------------+
| Version()       |
+-----------------+
| 10.1.26-MariaDB |
+-----------------+
1 row in set (0.00 sec)

MariaDB [MyTEstDb]> Select User;
ERROR 1054 (42S22): Unknown column 'User' in 'field list'
MariaDB [MyTEstDb]> Select User();
+----------------+
| User()         |
+----------------+
| root@localhost |
+----------------+
1 row in set (0.00 sec)

MariaDB [MyTEstDb]> Select SysDate();
+---------------------+
| SysDate()           |
+---------------------+
| 2017-09-07 18:03:09 |
+---------------------+
1 row in set (0.00 sec)

MariaDB [MyTEstDb]> Select now;
ERROR 1054 (42S22): Unknown column 'now' in 'field list'
MariaDB [MyTEstDb]> Select Now();
+---------------------+
| Now()               |
+---------------------+
| 2017-09-07 18:04:35 |
+---------------------+
1 row in set (0.00 sec)

MariaDB [MyTEstDb]> Select CurTime();
+-----------+
| CurTime() |
+-----------+
| 18:07:31  |
+-----------+
1 row in set (0.00 sec)

MariaDB [MyTEstDb]> Select Current_Date();
+----------------+
| Current_Date() |
+----------------+
| 2017-09-07     |
+----------------+
1 row in set (0.00 sec)

MariaDB [MyTEstDb]> UPdate Student Set Marks=120;
Query OK, 5 rows affected (0.05 sec)
Rows matched: 5  Changed: 5  Warnings: 0

MariaDB [MyTEstDb]> Select Avg(Marks) from Student;
+------------+
| Avg(Marks) |
+------------+
|   120.0000 |
+------------+
1 row in set (0.00 sec)

MariaDB [MyTEstDb]> Select NOw(), * form Student'
    '> ;
    '> ;
    '> ';
ERROR 1064 (42000): You have an error in your SQL syntax; check the manual that corresponds to your MariaDB server version for the right syntax to use near '* form Student'
;
;
'' at line 1
MariaDB [MyTEstDb]> Select NOw(), * form Student;
ERROR 1064 (42000): You have an error in your SQL syntax; check the manual that corresponds to your MariaDB server version for the right syntax to use near '* form Student' at line 1
MariaDB [MyTEstDb]> Select NOw(), * form Student;
ERROR 1064 (42000): You have an error in your SQL syntax; check the manual that corresponds to your MariaDB server version for the right syntax to use near '* form Student' at line 1
MariaDB [MyTEstDb]> Select NOW(), * from Student;
ERROR 1064 (42000): You have an error in your SQL syntax; check the manual that corresponds to your MariaDB server version for the right syntax to use near '* from Student' at line 1
MariaDB [MyTEstDb]> Select  *, Now() from Student;
+------+---------+--------+---------+------+-------+---------------------+
| SId  | SName   | Gender | City    | Age  | Marks | Now()               |
+------+---------+--------+---------+------+-------+---------------------+
|    1 | Abdeali | Male   | Toronto |   25 |   120 | 2017-09-07 18:14:55 |
|    2 | Vipul   | Male   | Mumbai  |   45 |   120 | 2017-09-07 18:14:55 |
|    2 | Vipul   | Male   | Mumbai  |   45 |   120 | 2017-09-07 18:14:55 |
|    4 | Sarah   | Female | NULL    |   12 |   120 | 2017-09-07 18:14:55 |
|    5 | Mike    | Male   | London  |   30 |   120 | 2017-09-07 18:14:55 |
+------+---------+--------+---------+------+-------+---------------------+
5 rows in set (0.00 sec)

MariaDB [MyTEstDb]> Select CONCAT(SName, ' living in ' ,city);
ERROR 1054 (42S22): Unknown column 'SName' in 'field list'
MariaDB [MyTEstDb]> Select CONCAT(SName, ' living in ' ,city) from Student;
+------------------------------------+
| CONCAT(SName, ' living in ' ,city) |
+------------------------------------+
| Abdeali living in Toronto          |
| Vipul living in Mumbai             |
| Vipul living in Mumbai             |
| NULL                               |
| Mike living in London              |
+------------------------------------+
5 rows in set (0.00 sec)

MariaDB [MyTEstDb]> Select SNAme + ' living in ' + City from Student;
+------------------------------+
| SNAme + ' living in ' + City |
+------------------------------+
|                            0 |
|                            0 |
|                            0 |
|                         NULL |
|                            0 |
+------------------------------+
5 rows in set, 14 warnings (0.00 sec)

MariaDB [MyTEstDb]> Select Format(Sname, 5) from Student;
+------------------+
| Format(Sname, 5) |
+------------------+
| 0.00000          |
| 0.00000          |
| 0.00000          |
| 0.00000          |
| 0.00000          |
+------------------+
5 rows in set, 5 warnings (0.00 sec)

MariaDB [MyTEstDb]> show create Table Student\G
*************************** 1. row ***************************
       Table: Student
Create Table: CREATE TABLE `student` (
  `SId` int(5) DEFAULT NULL,
  `SName` varchar(25) DEFAULT NULL,
  `Gender` varchar(10) DEFAULT NULL,
  `City` varchar(255) DEFAULT NULL,
  `Age` int(3) DEFAULT NULL,
  `Marks` int(5) DEFAULT NULL
) ENGINE=InnoDB DEFAULT CHARSET=latin1
1 row in set (0.00 sec)

MariaDB [MyTEstDb]> Create Table Manufactures
    -> (Code int(5) Primary Key,
    -> Name varchar(255) Not Null
    -> );
Query OK, 0 rows affected (0.28 sec)

MariaDB [MyTEstDb]> Select * from Manufatures
    -> ;
ERROR 1146 (42S02): Table 'mytestdb.manufatures' doesn't exist
MariaDB [MyTEstDb]> Select * from Manufactures;
Empty set (0.00 sec)

MariaDB [MyTEstDb]> create Table Products
    -> (
    -> ;
ERROR 1064 (42000): You have an error in your SQL syntax; check the manual that corresponds to your MariaDB server version for the right syntax to use near '' at line 2
MariaDB [MyTEstDb]> create Table Products
    -> (
    -> Code integer(3),
    -> Name varchar(255),
    -> Price float,
    -> Manufactures integer(3) Foreign Key References Manufactures(Code)
    -> );
ERROR 1064 (42000): You have an error in your SQL syntax; check the manual that corresponds to your MariaDB server version for the right syntax to use near 'Foreign Key References Manufactures(Code)
)' at line 6
MariaDB [MyTEstDb]> create Table Products
    -> (
    -> Code integer(3),
    -> Name varchar(255),
    -> Price float,
    -> Manufactures integer(3) References Manufactures(Code)
    -> );
Query OK, 0 rows affected (0.23 sec)

MariaDB [MyTEstDb]> INSERT INTO Manufacturers(Code,Name) VALUES(1,'Sony');INSERT INTO Manufacturers(Code,Name) VALUES(2,'Creative Labs');INSERT INTO Manufacturers(Code,Name) VALUES(3,'Hewlett-Packard');INSERT INTO Manufacturers(Code,Name) VALUES(4,'Iomega');INSERT INTO Manufacturers(Code,Name) VALUES(5,'Fujitsu');INSERT INTO Manufacturers(Code,Name) VALUES(6,'Winchester');INSERT INTO Products(Code,Name,Price,Manufacturer) VALUES(1,'Hard drive',240,5);INSERT INTO Products(Code,Name,Price,Manufacturer) VALUES(2,'Memory',120,6);INSERT INTO Products(Code,Name,Price,Manufacturer) VALUES(3,'ZIP drive',150,4);INSERT INTO Products(Code,Name,Price,Manufacturer) VALUES(4,'Floppy disk',5,6);INSERT INTO Products(Code,Name,Price,Manufacturer) VALUES(5,'Monitor',240,1);INSERT INTO Products(Code,Name,Price,Manufacturer) VALUES(6,'DVD drive',180,2);INSERT INTO Products(Code,Name,Price,Manufacturer) VALUES(7,'CD drive',90,2);INSERT INTO Products(Code,Name,Price,Manufacturer) VALUES(8,'Printer',270,3);INSERT INTO Products(Code,Name,Price,Manufacturer) VALUES(9,'Toner cartridge',66,3);INSERT INTO Products(Code,Name,Price,Manufacturer) VALUES(10,'DVD burner',180,2);
ERROR 1146 (42S02): Table 'mytestdb.manufacturers' doesn't exist
ERROR 1146 (42S02): Table 'mytestdb.manufacturers' doesn't exist
ERROR 1146 (42S02): Table 'mytestdb.manufacturers' doesn't exist
ERROR 1146 (42S02): Table 'mytestdb.manufacturers' doesn't exist
ERROR 1146 (42S02): Table 'mytestdb.manufacturers' doesn't exist
ERROR 1146 (42S02): Table 'mytestdb.manufacturers' doesn't exist
ERROR 1054 (42S22): Unknown column 'Manufacturer' in 'field list'
ERROR 1054 (42S22): Unknown column 'Manufacturer' in 'field list'
ERROR 1054 (42S22): Unknown column 'Manufacturer' in 'field list'
ERROR 1054 (42S22): Unknown column 'Manufacturer' in 'field list'
ERROR 1054 (42S22): Unknown column 'Manufacturer' in 'field list'
ERROR 1054 (42S22): Unknown column 'Manufacturer' in 'field list'
ERROR 1054 (42S22): Unknown column 'Manufacturer' in 'field list'
ERROR 1054 (42S22): Unknown column 'Manufacturer' in 'field list'
ERROR 1054 (42S22): Unknown column 'Manufacturer' in 'field list'
ERROR 1054 (42S22): Unknown column 'Manufacturer' in 'field list'
MariaDB [MyTEstDb]> INSERT INTO Manufacturers(Code,Name) VALUES(1,'Sony');INSERT INTO Manufacturers(Code,Name) VALUES(2,'Creative Labs');INSERT INTO Manufacturers(Code,Name) VALUES(3,'Hewlett-Packard');INSERT INTO Manufacturers(Code,Name) VALUES(4,'Iomega');INSERT INTO Manufacturers(Code,Name) VALUES(5,'Fujitsu');INSERT INTO Manufacturers(Code,Name) VALUES(6,'Winchester');INSERT INTO Products(Code,Name,Price,Manufacturer) VALUES(1,'Hard drive',240,5);INSERT INTO Products(Code,Name,Price,Manufacturer) VALUES(2,'Memory',120,6);INSERT INTO Products(Code,Name,Price,Manufacturer) VALUES(3,'ZIP drive',150,4);INSERT INTO Products(Code,Name,Price,Manufacturer) VALUES(4,'Floppy disk',5,6);INSERT INTO Products(Code,Name,Price,Manufacturer) VALUES(5,'Monitor',240,1);INSERT INTO Products(Code,Name,Price,Manufacturer) VALUES(6,'DVD drive',180,2);INSERT INTO Products(Code,Name,Price,Manufacturer) VALUES(7,'CD drive',90,2);INSERT INTO Products(Code,Name,Price,Manufacturer) VALUES(8,'Printer',270,3);INSERT INTO Products(Code,Name,Price,Manufacturer) VALUES(9,'Toner cartridge',66,3);INSERT INTO Products(Code,Name,Price,Manufacturer) VALUES(10,'DVD burner',180,2);
ERROR 1146 (42S02): Table 'mytestdb.manufacturers' doesn't exist
ERROR 1146 (42S02): Table 'mytestdb.manufacturers' doesn't exist
ERROR 1146 (42S02): Table 'mytestdb.manufacturers' doesn't exist
ERROR 1146 (42S02): Table 'mytestdb.manufacturers' doesn't exist
ERROR 1146 (42S02): Table 'mytestdb.manufacturers' doesn't exist
ERROR 1146 (42S02): Table 'mytestdb.manufacturers' doesn't exist
ERROR 1054 (42S22): Unknown column 'Manufacturer' in 'field list'
ERROR 1054 (42S22): Unknown column 'Manufacturer' in 'field list'
ERROR 1054 (42S22): Unknown column 'Manufacturer' in 'field list'
ERROR 1054 (42S22): Unknown column 'Manufacturer' in 'field list'
ERROR 1054 (42S22): Unknown column 'Manufacturer' in 'field list'
ERROR 1054 (42S22): Unknown column 'Manufacturer' in 'field list'
ERROR 1054 (42S22): Unknown column 'Manufacturer' in 'field list'
ERROR 1054 (42S22): Unknown column 'Manufacturer' in 'field list'
ERROR 1054 (42S22): Unknown column 'Manufacturer' in 'field list'
ERROR 1054 (42S22): Unknown column 'Manufacturer' in 'field list'
MariaDB [MyTEstDb]> Show Tables
    -> ;
+--------------------+
| Tables_in_mytestdb |
+--------------------+
| manufactures       |
| products           |
| student            |
+--------------------+
3 rows in set (0.00 sec)

MariaDB [MyTEstDb]> drop table manufactures;
Query OK, 0 rows affected (0.19 sec)

MariaDB [MyTEstDb]> drop table products;
Query OK, 0 rows affected (0.13 sec)

MariaDB [MyTEstDb]> CREATE TABLE Manufacturers ( Code INTEGER, Name VARCHAR(255) NOT NULL, PRIMARY KEY (Code)   );[7:25] CREATE TABLE Products ( Code INTEGER, Name VARCHAR(255) NOT NULL , Price DECIMAL NOT NULL , Manufacturer INTEGER NOT NULL, PRIMARY KEY (Code), FOREIGN KEY (Manufacturer) REFERENCES Manufacturers(Code)) ;[7:25] INSERT INTO Manufacturers(Code,Name) VALUES(1,'Sony');INSERT INTO Manufacturers(Code,Name) VALUES(2,'Creative Labs');INSERT INTO Manufacturers(Code,Name) VALUES(3,'Hewlett-Packard');INSERT INTO Manufacturers(Code,Name) VALUES(4,'Iomega');INSERT INTO Manufacturers(Code,Name) VALUES(5,'Fujitsu');INSERT INTO Manufacturers(Code,Name) VALUES(6,'Winchester');INSERT INTO Products(Code,Name,Price,Manufacturer) VALUES(1,'Hard drive',240,5);INSERT INTO Products(Code,Name,Price,Manufacturer) VALUES(2,'Memory',120,6);INSERT INTO Products(Code,Name,Price,Manufacturer) VALUES(3,'ZIP drive',150,4);INSERT INTO Products(Code,Name,Price,Manufacturer) VALUES(4,'Floppy disk',5,6);INSERT INTO Products(Code,Name,Price,Manufacturer) VALUES(5,'Monitor',240,1);INSERT INTO Products(Code,Name,Price,Manufacturer) VALUES(6,'DVD drive',180,2);INSERT INTO Products(Code,Name,Price,Manufacturer) VALUES(7,'CD drive',90,2);INSERT INTO Products(Code,Name,Price,Manufacturer) VALUES(8,'Printer',270,3);INSERT INTO Products(Code,Name,Price,Manufacturer) VALUES(9,'Toner cartridge',66,3);INSERT INTO Products(Code,Name,Price,Manufacturer) VALUES(10,'DVD burner',180,2);
Query OK, 0 rows affected (0.29 sec)

ERROR 1064 (42000): You have an error in your SQL syntax; check the manual that corresponds to your MariaDB server version for the right syntax to use near '[7:25] CREATE TABLE Products ( Code INTEGER, Name VARCHAR(255) NOT NULL , Price ' at line 1
ERROR 1064 (42000): You have an error in your SQL syntax; check the manual that corresponds to your MariaDB server version for the right syntax to use near '[7:25] INSERT INTO Manufacturers(Code,Name) VALUES(1,'Sony')' at line 1
Query OK, 1 row affected (0.05 sec)

Query OK, 1 row affected (0.04 sec)

Query OK, 1 row affected (0.09 sec)

Query OK, 1 row affected (0.11 sec)

Query OK, 1 row affected (0.05 sec)

ERROR 1146 (42S02): Table 'mytestdb.products' doesn't exist
ERROR 1146 (42S02): Table 'mytestdb.products' doesn't exist
ERROR 1146 (42S02): Table 'mytestdb.products' doesn't exist
ERROR 1146 (42S02): Table 'mytestdb.products' doesn't exist
ERROR 1146 (42S02): Table 'mytestdb.products' doesn't exist
ERROR 1146 (42S02): Table 'mytestdb.products' doesn't exist
ERROR 1146 (42S02): Table 'mytestdb.products' doesn't exist
ERROR 1146 (42S02): Table 'mytestdb.products' doesn't exist
ERROR 1146 (42S02): Table 'mytestdb.products' doesn't exist
ERROR 1146 (42S02): Table 'mytestdb.products' doesn't exist
MariaDB [MyTEstDb]> Select * from Products;
ERROR 1146 (42S02): Table 'mytestdb.products' doesn't exist
MariaDB [MyTEstDb]> show tables;
+--------------------+
| Tables_in_mytestdb |
+--------------------+
| manufacturers      |
| student            |
+--------------------+
2 rows in set (0.00 sec)

MariaDB [MyTEstDb]> CREATE TABLE Products ( Code INTEGER, Name VARCHAR(255) NOT NULL , Price DECIMAL NOT NULL , Manufacturer INTEGER NOT NULL, PRIMARY KEY (Code), FOREIGN KEY (Manufacturer) REFERENCES Manufacturers(Code)) ;
Query OK, 0 rows affected (0.28 sec)

MariaDB [MyTEstDb]> INSERT INTO Products(Code,Name,Price,Manufacturer) VALUES(1,'Hard drive',240,5);INSERT INTO Products(Code,Name,Price,Manufacturer) VALUES(2,'Memory',120,6);INSERT INTO Products(Code,Name,Price,Manufacturer) VALUES(3,'ZIP drive',150,4);INSERT INTO Products(Code,Name,Price,Manufacturer) VALUES(4,'Floppy disk',5,6);INSERT INTO Products(Code,Name,Price,Manufacturer) VALUES(5,'Monitor',240,1);INSERT INTO Products(Code,Name,Price,Manufacturer) VALUES(6,'DVD drive',180,2);INSERT INTO Products(Code,Name,Price,Manufacturer) VALUES(7,'CD drive',90,2);INSERT INTO Products(Code,Name,Price,Manufacturer) VALUES(8,'Printer',270,3);INSERT INTO Products(Code,Name,Price,Manufacturer) VALUES(9,'Toner cartridge',66,3);INSERT INTO Products(Code,Name,Price,Manufacturer) VALUES(10,'DVD burner',180,2);
Query OK, 1 row affected (0.05 sec)

Query OK, 1 row affected (0.04 sec)

Query OK, 1 row affected (0.08 sec)

Query OK, 1 row affected (0.04 sec)

ERROR 1452 (23000): Cannot add or update a child row: a foreign key constraint fails (`mytestdb`.`products`, CONSTRAINT `products_ibfk_1` FOREIGN KEY (`Manufacturer`) REFERENCES `manufacturers` (`Code`))
Query OK, 1 row affected (0.06 sec)

Query OK, 1 row affected (0.08 sec)

Query OK, 1 row affected (0.04 sec)

Query OK, 1 row affected (0.06 sec)

Query OK, 1 row affected (0.04 sec)

MariaDB [MyTEstDb]> Select * from Products
    -> ;
+------+-----------------+-------+--------------+
| Code | Name            | Price | Manufacturer |
+------+-----------------+-------+--------------+
|    1 | Hard drive      |   240 |            5 |
|    2 | Memory          |   120 |            6 |
|    3 | ZIP drive       |   150 |            4 |
|    4 | Floppy disk     |     5 |            6 |
|    6 | DVD drive       |   180 |            2 |
|    7 | CD drive        |    90 |            2 |
|    8 | Printer         |   270 |            3 |
|    9 | Toner cartridge |    66 |            3 |
|   10 | DVD burner      |   180 |            2 |
+------+-----------------+-------+--------------+
9 rows in set (0.00 sec)

MariaDB [MyTEstDb]> Select * products p inner join manufactures m on p.Manufactures=m.Code;
ERROR 1064 (42000): You have an error in your SQL syntax; check the manual that corresponds to your MariaDB server version for the right syntax to use near 'products p inner join manufactures m on p.Manufactures=m.Code' at line 1
MariaDB [MyTEstDb]> Select * from  products p inner join manufactures m on p.Manufactures=m.Code;
ERROR 1146 (42S02): Table 'mytestdb.manufactures' doesn't exist
MariaDB [MyTEstDb]> Select * from  products p inner join manufactures m on p.Manufacturer=m.Code;
ERROR 1146 (42S02): Table 'mytestdb.manufactures' doesn't exist
MariaDB [MyTEstDb]> Select * from  products p inner join Manufacturers m on p.Manufacturer=m.Code
    -> ;
+------+-----------------+-------+--------------+------+-----------------+
| Code | Name            | Price | Manufacturer | Code | Name            |
+------+-----------------+-------+--------------+------+-----------------+
|    1 | Hard drive      |   240 |            5 |    5 | Fujitsu         |
|    2 | Memory          |   120 |            6 |    6 | Winchester      |
|    3 | ZIP drive       |   150 |            4 |    4 | Iomega          |
|    4 | Floppy disk     |     5 |            6 |    6 | Winchester      |
|    6 | DVD drive       |   180 |            2 |    2 | Creative Labs   |
|    7 | CD drive        |    90 |            2 |    2 | Creative Labs   |
|    8 | Printer         |   270 |            3 |    3 | Hewlett-Packard |
|    9 | Toner cartridge |    66 |            3 |    3 | Hewlett-Packard |
|   10 | DVD burner      |   180 |            2 |    2 | Creative Labs   |
+------+-----------------+-------+--------------+------+-----------------+
9 rows in set (0.00 sec)

MariaDB [MyTEstDb]> INSERT INTO Products(Code,Name,Price,Manufacturer) VALUES(5,'Monitor',240,1);
ERROR 1452 (23000): Cannot add or update a child row: a foreign key constraint fails (`mytestdb`.`products`, CONSTRAINT `products_ibfk_1` FOREIGN KEY (`Manufacturer`) REFERENCES `manufacturers` (`Code`))
MariaDB [MyTEstDb]> Select * from  products p inner join Manufacturers m on p.Manufacturer=m.Code
    -> ;
+------+-----------------+-------+--------------+------+-----------------+
| Code | Name            | Price | Manufacturer | Code | Name            |
+------+-----------------+-------+--------------+------+-----------------+
|    1 | Hard drive      |   240 |            5 |    5 | Fujitsu         |
|    2 | Memory          |   120 |            6 |    6 | Winchester      |
|    3 | ZIP drive       |   150 |            4 |    4 | Iomega          |
|    4 | Floppy disk     |     5 |            6 |    6 | Winchester      |
|    6 | DVD drive       |   180 |            2 |    2 | Creative Labs   |
|    7 | CD drive        |    90 |            2 |    2 | Creative Labs   |
|    8 | Printer         |   270 |            3 |    3 | Hewlett-Packard |
|    9 | Toner cartridge |    66 |            3 |    3 | Hewlett-Packard |
|   10 | DVD burner      |   180 |            2 |    2 | Creative Labs   |
+------+-----------------+-------+--------------+------+-----------------+
9 rows in set (0.00 sec)

MariaDB [MyTEstDb]> Select Name, PRice*100 as Price from Products;
+-----------------+-------+
| Name            | Price |
+-----------------+-------+
| Hard drive      | 24000 |
| Memory          | 12000 |
| ZIP drive       | 15000 |
| Floppy disk     |   500 |
| DVD drive       | 18000 |
| CD drive        |  9000 |
| Printer         | 27000 |
| Toner cartridge |  6600 |
| DVD burner      | 18000 |
+-----------------+-------+
9 rows in set (0.00 sec)

MariaDB [MyTEstDb]> Select Name, Concat('$'+price) as Price , Concat(Price*100, 'cents') from Products;
+-----------------+-------+----------------------------+
| Name            | Price | Concat(Price*100, 'cents') |
+-----------------+-------+----------------------------+
| Hard drive      | 240   | 24000cents                 |
| Memory          | 120   | 12000cents                 |
| ZIP drive       | 150   | 15000cents                 |
| Floppy disk     | 5     | 500cents                   |
| DVD drive       | 180   | 18000cents                 |
| CD drive        | 90    | 9000cents                  |
| Printer         | 270   | 27000cents                 |
| Toner cartridge | 66    | 6600cents                  |
| DVD burner      | 180   | 18000cents                 |
+-----------------+-------+----------------------------+
9 rows in set, 9 warnings (0.00 sec)

MariaDB [MyTEstDb]> Select AVG(price) from Products;
+------------+
| AVG(price) |
+------------+
|   144.5556 |
+------------+
1 row in set (0.00 sec)

MariaDB [MyTEstDb]> Select SUM(price)/Count(Name) from Products;
+------------------------+
| SUM(price)/Count(Name) |
+------------------------+
|               144.5556 |
+------------------------+
1 row in set (0.00 sec)

MariaDB [MyTEstDb]> Select Min(price) from Products;
+------------+
| Min(price) |
+------------+
|          5 |
+------------+
1 row in set (0.00 sec)

MariaDB [MyTEstDb]> Select MAX(price) from Products;
+------------+
| MAX(price) |
+------------+
|        270 |
+------------+
1 row in set (0.00 sec)

MariaDB [MyTEstDb]> Select Name, Price from Products where Manufacturer=2;
+------------+-------+
| Name       | Price |
+------------+-------+
| DVD drive  |   180 |
| CD drive   |    90 |
| DVD burner |   180 |
+------------+-------+
3 rows in set (0.00 sec)

MariaDB [MyTEstDb]> Select Count(Price) from Products where Price > 150;
+--------------+
| Count(Price) |
+--------------+
|            4 |
+--------------+
1 row in set (0.00 sec)

MariaDB [MyTEstDb]> Select Count(Price) from Products where Price >= 150;
+--------------+
| Count(Price) |
+--------------+
|            5 |
+--------------+
1 row in set (0.00 sec)

MariaDB [MyTEstDb]> Select * from Products order by Name ;
+------+-----------------+-------+--------------+
| Code | Name            | Price | Manufacturer |
+------+-----------------+-------+--------------+
|    7 | CD drive        |    90 |            2 |
|   10 | DVD burner      |   180 |            2 |
|    6 | DVD drive       |   180 |            2 |
|    4 | Floppy disk     |     5 |            6 |
|    1 | Hard drive      |   240 |            5 |
|    2 | Memory          |   120 |            6 |
|    8 | Printer         |   270 |            3 |
|    9 | Toner cartridge |    66 |            3 |
|    3 | ZIP drive       |   150 |            4 |
+------+-----------------+-------+--------------+
9 rows in set (0.00 sec)

MariaDB [MyTEstDb]> Select * from Products order by Name desc ;
+------+-----------------+-------+--------------+
| Code | Name            | Price | Manufacturer |
+------+-----------------+-------+--------------+
|    3 | ZIP drive       |   150 |            4 |
|    9 | Toner cartridge |    66 |            3 |
|    8 | Printer         |   270 |            3 |
|    2 | Memory          |   120 |            6 |
|    1 | Hard drive      |   240 |            5 |
|    4 | Floppy disk     |     5 |            6 |
|    6 | DVD drive       |   180 |            2 |
|   10 | DVD burner      |   180 |            2 |
|    7 | CD drive        |    90 |            2 |
+------+-----------------+-------+--------------+
9 rows in set (0.00 sec)

MariaDB [MyTEstDb]> Select * from Products order by Manufacturer desc, Name ;
+------+-----------------+-------+--------------+
| Code | Name            | Price | Manufacturer |
+------+-----------------+-------+--------------+
|    4 | Floppy disk     |     5 |            6 |
|    2 | Memory          |   120 |            6 |
|    1 | Hard drive      |   240 |            5 |
|    3 | ZIP drive       |   150 |            4 |
|    8 | Printer         |   270 |            3 |
|    9 | Toner cartridge |    66 |            3 |
|    7 | CD drive        |    90 |            2 |
|   10 | DVD burner      |   180 |            2 |
|    6 | DVD drive       |   180 |            2 |
+------+-----------------+-------+--------------+
9 rows in set (0.00 sec)

MariaDB [MyTEstDb]> Select * from Products where Name Like '%drive%';
+------+------------+-------+--------------+
| Code | Name       | Price | Manufacturer |
+------+------------+-------+--------------+
|    1 | Hard drive |   240 |            5 |
|    3 | ZIP drive  |   150 |            4 |
|    6 | DVD drive  |   180 |            2 |
|    7 | CD drive   |    90 |            2 |
+------+------------+-------+--------------+
4 rows in set (0.00 sec)

MariaDB [MyTEstDb]> Update Products Set Price=500 where Code=4;
Query OK, 1 row affected (0.05 sec)
Rows matched: 1  Changed: 1  Warnings: 0

MariaDB [MyTEstDb]> Select * from Products;
+------+-----------------+-------+--------------+
| Code | Name            | Price | Manufacturer |
+------+-----------------+-------+--------------+
|    1 | Hard drive      |   240 |            5 |
|    2 | Memory          |   120 |            6 |
|    3 | ZIP drive       |   150 |            4 |
|    4 | Floppy disk     |   500 |            6 |
|    6 | DVD drive       |   180 |            2 |
|    7 | CD drive        |    90 |            2 |
|    8 | Printer         |   270 |            3 |
|    9 | Toner cartridge |    66 |            3 |
|   10 | DVD burner      |   180 |            2 |
+------+-----------------+-------+--------------+
9 rows in set (0.00 sec)

MariaDB [MyTEstDb]> Insert into Produicts Values (11,'any','120',7);
ERROR 1146 (42S02): Table 'mytestdb.produicts' doesn't exist
MariaDB [MyTEstDb]> Insert into Products Values (11,'any','120',7);
ERROR 1452 (23000): Cannot add or update a child row: a foreign key constraint fails (`mytestdb`.`products`, CONSTRAINT `products_ibfk_1` FOREIGN KEY (`Manufacturer`) REFERENCES `manufacturers` (`Code`))
MariaDB [MyTEstDb]> Insert into Products Values (11,'any','120',NULL);
ERROR 1048 (23000): Column 'Manufacturer' cannot be null
MariaDB [MyTEstDb]> Delete from Manufacturers where Code =1;
Query OK, 0 rows affected (0.00 sec)

MariaDB [MyTEstDb]> Delete from Manufacturers where Code =2;
ERROR 1451 (23000): Cannot delete or update a parent row: a foreign key constraint fails (`mytestdb`.`products`, CONSTRAINT `products_ibfk_1` FOREIGN KEY (`Manufacturer`) REFERENCES `manufacturers` (`Code`))
MariaDB [MyTEstDb]> Insert into Manufacturers Values (7,'I/O Device');
Query OK, 1 row affected (0.27 sec)

MariaDB [MyTEstDb]> Select * from Manufacturers;
+------+-----------------+
| Code | Name            |
+------+-----------------+
|    2 | Creative Labs   |
|    3 | Hewlett-Packard |
|    4 | Iomega          |
|    5 | Fujitsu         |
|    6 | Winchester      |
|    7 | I/O Device      |
+------+-----------------+
6 rows in set (0.00 sec)

MariaDB [MyTEstDb]> Delete from Manufacturers where Code =7;
Query OK, 1 row affected (0.40 sec)

MariaDB [MyTEstDb]> Insert into Manufacturers Values (7,'I/O Device');
Query OK, 1 row affected (0.10 sec)

MariaDB [MyTEstDb]> Insert into Products Values (11,'any','120',7);
Query OK, 1 row affected (0.07 sec)

MariaDB [MyTEstDb]> Insert into Products Values (12,'dasdas','120',7);
Query OK, 1 row affected (0.06 sec)

MariaDB [MyTEstDb]> Insert into Products Values (13,'adsadasny','120',7);
Query OK, 1 row affected (0.06 sec)

MariaDB [MyTEstDb]>

=====================================================================================================================

https://www.lucidchart.com/pages/er-diagrams/c?er=1
Lucidchart
What is an Entity Relationship Diagram
The ultimate guide to ER diagram including origins, uses, examples, components, limitations and guidelines on how to draw them with Lucidchart.

SELECT p.code AS product_code,p.name as product_name,p.price as product_proce,m.code as manf_code,m.name as manf_name FROM products as p FROM products as p 
INNER JOIN  manufacturers as m ON m.code = p.manufacturer


CREATE TABLE locations (code int(5) primary key not null auto_increment , name varchar(50) not null);


DELETE from products where manufacturer = 7


SELECT * from manufacturers as m 
LEFT JOIN products as p ON p.manufacturer=m.code;


CREATE TABLE PRODUCTS(
CODE INTEGER(3) ,
NAME VARCHAR(50) NOT NULL,
PRICE FLOAT(9,2),
MANUFACTURER INTEGER(3) ,
PRIMARY KEY (CODE),
FOREIGN KEY (MANUFACTURER) REFERENCES MANUFACTURERS(CODE)
);


CREATE TABLE Products (
 Code INTEGER,
 Name VARCHAR(255) NOT NULL ,
 Price DECIMAL NOT NULL ,
 Manufacturer INTEGER NOT NULL,
 PRIMARY KEY (Code),
 FOREIGN KEY (Manufacturer) REFERENCES Manufacturers(Code) ON DELETE SET NULL
)



Setting environment for using XAMPP for Windows.
715368@203-IMAC13 c:\xampp
# mysql -u root -p
Enter password:
Welcome to the MariaDB monitor.  Commands end with ; or \g.
Your MariaDB connection id is 2
Server version: 10.1.21-MariaDB mariadb.org binary distribution

Copyright (c) 2000, 2016, Oracle, MariaDB Corporation Ab and others.

Type 'help;' or '\h' for help. Type '\c' to clear the current input statement.

MariaDB [(none)]> use mytestdb
Database changed
MariaDB [mytestdb]> show tables;
+--------------------+
| Tables_in_mytestdb |
+--------------------+
| manufacturers      |
| products           |
| student            |
| t1                 |
+--------------------+
4 rows in set (0.00 sec)

MariaDB [mytestdb]> CREATE TABLE pet (name VARCHAR(20), owner VARCHAR(20),species VARCHAR(20), sex CHAR(1), birth DATE, death DATE);
Query OK, 0 rows affected (0.25 sec)

MariaDB [mytestdb]> show tables;
+--------------------+
| Tables_in_mytestdb |
+--------------------+
| manufacturers      |
| pet                |
| products           |
| student            |
| t1                 |
+--------------------+
5 rows in set (0.00 sec)

MariaDB [mytestdb]> desc pet;
+---------+-------------+------+-----+---------+-------+
| Field   | Type        | Null | Key | Default | Extra |
+---------+-------------+------+-----+---------+-------+
| name    | varchar(20) | YES  |     | NULL    |       |
| owner   | varchar(20) | YES  |     | NULL    |       |
| species | varchar(20) | YES  |     | NULL    |       |
| sex     | char(1)     | YES  |     | NULL    |       |
| birth   | date        | YES  |     | NULL    |       |
| death   | date        | YES  |     | NULL    |       |
+---------+-------------+------+-----+---------+-------+
6 rows in set (0.01 sec)

MariaDB [mytestdb]> LOAD DATA LOCAL INFILE 'C:/Users/715368/Downloads/pet.txt' INTO TABLE pet;
ERROR 1148 (42000): The used command is not allowed with this MariaDB version
MariaDB [mytestdb]>
MariaDB [mytestdb]> LOAD DATA LOCAL INFILE 'C:/Users/715368/Downloads/pet.txt'
    -> INTO TABLE pet COLUMNS TERMINATED BY '\t';
ERROR 1148 (42000): The used command is not allowed with this MariaDB version
MariaDB [mytestdb]> LOAD DATA LOCAL INFILE 'C:/Users/715368/Downloads/pet.txt' ;
ERROR 1064 (42000): You have an error in your SQL syntax; check the manual that corresponds to your MariaDB server version for the right syntax to use near '' at line 1
MariaDB [mytestdb]> LOAD DATA  INFILE 'C:/Users/715368/Downloads/pet.txt';
ERROR 1064 (42000): You have an error in your SQL syntax; check the manual that corresponds to your MariaDB server version for the right syntax to use near '' at line 1
MariaDB [mytestdb]> LOAD DATA  INFILE 'C:/Users/715368/Downloads/pet.txt' INTO TABLE pet;
Query OK, 8 rows affected, 7 warnings (0.12 sec)
Records: 8  Deleted: 0  Skipped: 0  Warnings: 7

MariaDB [mytestdb]> select * from pet;
+----------+--------+---------+------+------------+------------+
| name     | owner  | species | sex  | birth      | death      |
+----------+--------+---------+------+------------+------------+
| Fluffy   | Harold | cat     | f    | 1993-02-04 | 0000-00-00 |
| Claws    | Gwen   | cat     | m    | 1994-03-17 | 0000-00-00 |
| Buffy    | Harold | dog     | f    | 1989-05-13 | 0000-00-00 |
| Fang     | Benny  | dog     | m    | 1990-08-27 | 0000-00-00 |
| Bowser   | Diane  | dog     | m    | 1979-08-31 | 1995-07-29 |
| Chirpy   | Gwen   | bird    | f    | 1998-09-11 | 0000-00-00 |
| Whistler | Gwen   | bird    |      | 1997-12-09 | 0000-00-00 |
| Slim     | Benny  | snake   | m    | 1996-04-29 | 0000-00-00 |
+----------+--------+---------+------+------------+------------+
8 rows in set (0.00 sec)

MariaDB [mytestdb]> SELECT DATABASE();
+------------+
| DATABASE() |
+------------+
| mytestdb   |
+------------+
1 row in set (0.00 sec)

MariaDB [mytestdb]> SELECT VERSION(), CURRENT_DATE;
+-----------------+--------------+
| VERSION()       | CURRENT_DATE |
+-----------------+--------------+
| 10.1.21-MariaDB | 2017-09-08   |
+-----------------+--------------+
1 row in set (0.02 sec)

MariaDB [mytestdb]> SELECT VERSION(); SELECT NOW();
+-----------------+
| VERSION()       |
+-----------------+
| 10.1.21-MariaDB |
+-----------------+
1 row in set (0.00 sec)

+---------------------+
| NOW()               |
+---------------------+
| 2017-09-08 18:43:44 |
+---------------------+
1 row in set (0.00 sec)

MariaDB [mytestdb]> SELECT name, birth, CURDATE(),TIMESTAMPDIFF(YEAR,birth,CURDATE()) AS age FROM pet;
+----------+------------+------------+------+
| name     | birth      | CURDATE()  | age  |
+----------+------------+------------+------+
| Fluffy   | 1993-02-04 | 2017-09-08 |   24 |
| Claws    | 1994-03-17 | 2017-09-08 |   23 |
| Buffy    | 1989-05-13 | 2017-09-08 |   28 |
| Fang     | 1990-08-27 | 2017-09-08 |   27 |
| Bowser   | 1979-08-31 | 2017-09-08 |   38 |
| Chirpy   | 1998-09-11 | 2017-09-08 |   18 |
| Whistler | 1997-12-09 | 2017-09-08 |   19 |
| Slim     | 1996-04-29 | 2017-09-08 |   21 |
+----------+------------+------------+------+
8 rows in set (0.00 sec)

MariaDB [mytestdb]> insert into pet values ('Puffball','Diane','hamster','f',1999-03-30,NULL);
Query OK, 1 row affected, 1 warning (0.08 sec)

MariaDB [mytestdb]> select * from pets;
ERROR 1146 (42S02): Table 'mytestdb.pets' doesn't exist
MariaDB [mytestdb]> select * from pet;
+----------+--------+---------+------+------------+------------+
| name     | owner  | species | sex  | birth      | death      |
+----------+--------+---------+------+------------+------------+
| Fluffy   | Harold | cat     | f    | 1993-02-04 | 0000-00-00 |
| Claws    | Gwen   | cat     | m    | 1994-03-17 | 0000-00-00 |
| Buffy    | Harold | dog     | f    | 1989-05-13 | 0000-00-00 |
| Fang     | Benny  | dog     | m    | 1990-08-27 | 0000-00-00 |
| Bowser   | Diane  | dog     | m    | 1979-08-31 | 1995-07-29 |
| Chirpy   | Gwen   | bird    | f    | 1998-09-11 | 0000-00-00 |
| Whistler | Gwen   | bird    |      | 1997-12-09 | 0000-00-00 |
| Slim     | Benny  | snake   | m    | 1996-04-29 | 0000-00-00 |
| Puffball | Diane  | hamster | f    | 0000-00-00 | NULL       |
+----------+--------+---------+------+------------+------------+
9 rows in set (0.00 sec)

MariaDB [mytestdb]> select name,birth from pet;
+----------+------------+
| name     | birth      |
+----------+------------+
| Fluffy   | 1993-02-04 |
| Claws    | 1994-03-17 |
| Buffy    | 1989-05-13 |
| Fang     | 1990-08-27 |
| Bowser   | 1979-08-31 |
| Chirpy   | 1998-09-11 |
| Whistler | 1997-12-09 |
| Slim     | 1996-04-29 |
| Puffball | 0000-00-00 |
+----------+------------+
9 rows in set (0.00 sec)

MariaDB [mytestdb]> select name,birth from pet ,TIMESTAMPDIFFERENCE(YEAR,birth,curdate) as age from pet;
ERROR 1064 (42000): You have an error in your SQL syntax; check the manual that corresponds to your MariaDB server version for the right syntax to use near '(YEAR,birth,curdate) as age from pet' at line 1
MariaDB [mytestdb]> select name,birth from pet ,TIMESTAMPDIFFERENCE(YEAR,birth,curdate()) as age from pet;
ERROR 1064 (42000): You have an error in your SQL syntax; check the manual that corresponds to your MariaDB server version for the right syntax to use near '(YEAR,birth,curdate()) as age from pet' at line 1
MariaDB [mytestdb]> select name,birth ,TIMESTAMPDIFFERENCE(YEAR,birth,curdate()) as age from pet;
ERROR 1305 (42000): FUNCTION mytestdb.TIMESTAMPDIFFERENCE does not exist
MariaDB [mytestdb]> select name,birth ,TIMESTAMPDIFF(YEAR,birth,curdate()) as age from pet;
+----------+------------+------+
| name     | birth      | age  |
+----------+------------+------+
| Fluffy   | 1993-02-04 |   24 |
| Claws    | 1994-03-17 |   23 |
| Buffy    | 1989-05-13 |   28 |
| Fang     | 1990-08-27 |   27 |
| Bowser   | 1979-08-31 |   38 |
| Chirpy   | 1998-09-11 |   18 |
| Whistler | 1997-12-09 |   19 |
| Slim     | 1996-04-29 |   21 |
| Puffball | 0000-00-00 | NULL |
+----------+------------+------+
9 rows in set (0.00 sec)

MariaDB [mytestdb]> update into pet set birth = '1999-03-30' where name ='Puffball';
ERROR 1064 (42000): You have an error in your SQL syntax; check the manual that corresponds to your MariaDB server version for the right syntax to use near 'into pet set birth = '1999-03-30' where name ='Puffball'' at line 1
MariaDB [mytestdb]> update pet set birth = '1999-03-30' where name ='Puffball';
Query OK, 1 row affected (0.07 sec)
Rows matched: 1  Changed: 1  Warnings: 0

MariaDB [mytestdb]> select * from pet;
+----------+--------+---------+------+------------+------------+
| name     | owner  | species | sex  | birth      | death      |
+----------+--------+---------+------+------------+------------+
| Fluffy   | Harold | cat     | f    | 1993-02-04 | 0000-00-00 |
| Claws    | Gwen   | cat     | m    | 1994-03-17 | 0000-00-00 |
| Buffy    | Harold | dog     | f    | 1989-05-13 | 0000-00-00 |
| Fang     | Benny  | dog     | m    | 1990-08-27 | 0000-00-00 |
| Bowser   | Diane  | dog     | m    | 1979-08-31 | 1995-07-29 |
| Chirpy   | Gwen   | bird    | f    | 1998-09-11 | 0000-00-00 |
| Whistler | Gwen   | bird    |      | 1997-12-09 | 0000-00-00 |
| Slim     | Benny  | snake   | m    | 1996-04-29 | 0000-00-00 |
| Puffball | Diane  | hamster | f    | 1999-03-30 | NULL       |
+----------+--------+---------+------+------------+------------+
9 rows in set (0.00 sec)

MariaDB [mytestdb]> select name,birth,timestampdiff(YEAR,birth,curdate()) as age from pet;
+----------+------------+------+
| name     | birth      | age  |
+----------+------------+------+
| Fluffy   | 1993-02-04 |   24 |
| Claws    | 1994-03-17 |   23 |
| Buffy    | 1989-05-13 |   28 |
| Fang     | 1990-08-27 |   27 |
| Bowser   | 1979-08-31 |   38 |
| Chirpy   | 1998-09-11 |   18 |
| Whistler | 1997-12-09 |   19 |
| Slim     | 1996-04-29 |   21 |
| Puffball | 1999-03-30 |   18 |
+----------+------------+------+
9 rows in set (0.00 sec)

MariaDB [mytestdb]> SELECT * FROM pet WHERE name REGEXP '^b';
+--------+--------+---------+------+------------+------------+
| name   | owner  | species | sex  | birth      | death      |
+--------+--------+---------+------+------------+------------+
| Buffy  | Harold | dog     | f    | 1989-05-13 | 0000-00-00 |
| Bowser | Diane  | dog     | m    | 1979-08-31 | 1995-07-29 |
+--------+--------+---------+------+------------+------------+
2 rows in set (0.06 sec)

MariaDB [mytestdb]> select * from pet where name like 'b%';
+--------+--------+---------+------+------------+------------+
| name   | owner  | species | sex  | birth      | death      |
+--------+--------+---------+------+------------+------------+
| Buffy  | Harold | dog     | f    | 1989-05-13 | 0000-00-00 |
| Bowser | Diane  | dog     | m    | 1979-08-31 | 1995-07-29 |
+--------+--------+---------+------+------------+------------+
2 rows in set (0.00 sec)

MariaDB [mytestdb]> select name,birth,timestampdiff(YEAR,birth,curdate()) as from pet timestampdiff(YEAR,birth,curdate()) >30;
ERROR 1064 (42000): You have an error in your SQL syntax; check the manual that corresponds to your MariaDB server version for the right syntax to use near 'from pet timestampdiff(YEAR,birth,curdate()) >30' at line 1
MariaDB [mytestdb]> select name,birth,timestampdiff(YEAR,birth,curdate()) as from pet where timestampdiff(YEAR,birth,curdate()) >30;
ERROR 1064 (42000): You have an error in your SQL syntax; check the manual that corresponds to your MariaDB server version for the right syntax to use near 'from pet where timestampdiff(YEAR,birth,curdate()) >30' at line 1
MariaDB [mytestdb]> select name,birth,timestampdiff(YEAR,birth,curdate()) as from pet where timestampdiff(YEAR,birth,curdate()) =18 ;
ERROR 1064 (42000): You have an error in your SQL syntax; check the manual that corresponds to your MariaDB server version for the right syntax to use near 'from pet where timestampdiff(YEAR,birth,curdate()) =18' at line 1
MariaDB [mytestdb]> select name,birth,timestampdiff(YEAR,birth,curdate()) as age from pet where timestampdiff(YEAR,birth,curdate()) =18 ;
+----------+------------+------+
| name     | birth      | age  |
+----------+------------+------+
| Chirpy   | 1998-09-11 |   18 |
| Puffball | 1999-03-30 |   18 |
+----------+------------+------+
2 rows in set (0.02 sec)

MariaDB [mytestdb]> select name,birth,timestampdiff(YEAR,birth,curdate()) as age from pet where timestampdiff(YEAR,birth,curdate()) > 30 ;
+--------+------------+------+
| name   | birth      | age  |
+--------+------------+------+
| Bowser | 1979-08-31 |   38 |
+--------+------------+------+
1 row in set (0.00 sec)

MariaDB [mytestdb]> select name,birth,timestampdiff(YEAR,birth,curdate()) as age from pet where timestampdiff(YEAR,birth,curdate())< 30 ;
+----------+------------+------+
| name     | birth      | age  |
+----------+------------+------+
| Fluffy   | 1993-02-04 |   24 |
| Claws    | 1994-03-17 |   23 |
| Buffy    | 1989-05-13 |   28 |
| Fang     | 1990-08-27 |   27 |
| Chirpy   | 1998-09-11 |   18 |
| Whistler | 1997-12-09 |   19 |
| Slim     | 1996-04-29 |   21 |
| Puffball | 1999-03-30 |   18 |
+----------+------------+------+
8 rows in set (0.00 sec)

MariaDB [mytestdb]> select * from pet where REGEXP 'b';
ERROR 1064 (42000): You have an error in your SQL syntax; check the manual that corresponds to your MariaDB server version for the right syntax to use near 'REGEXP 'b'' at line 1
MariaDB [mytestdb]> select * from pet where REGEXP '^b';
ERROR 1064 (42000): You have an error in your SQL syntax; check the manual that corresponds to your MariaDB server version for the right syntax to use near 'REGEXP '^b'' at line 1
MariaDB [mytestdb]> select * from pet where name REGEXP '^b';
+--------+--------+---------+------+------------+------------+
| name   | owner  | species | sex  | birth      | death      |
+--------+--------+---------+------+------------+------------+
| Buffy  | Harold | dog     | f    | 1989-05-13 | 0000-00-00 |
| Bowser | Diane  | dog     | m    | 1979-08-31 | 1995-07-29 |
+--------+--------+---------+------+------------+------------+
2 rows in set (0.00 sec)

MariaDB [mytestdb]> select * from pet where name REGEXP 'b';
+----------+--------+---------+------+------------+------------+
| name     | owner  | species | sex  | birth      | death      |
+----------+--------+---------+------+------------+------------+
| Buffy    | Harold | dog     | f    | 1989-05-13 | 0000-00-00 |
| Bowser   | Diane  | dog     | m    | 1979-08-31 | 1995-07-29 |
| Puffball | Diane  | hamster | f    | 1999-03-30 | NULL       |
+----------+--------+---------+------+------------+------------+
3 rows in set (0.00 sec)

MariaDB [mytestdb]> select * from pet where name REGEXP 'b^';
Empty set (0.00 sec)

MariaDB [mytestdb]> select name,birth,timestampdiff(second,birth,curdate()) as age from pet ;
+----------+------------+------------+
| name     | birth      | age        |
+----------+------------+------------+
| Fluffy   | 1993-02-04 |  776044800 |
| Claws    | 1994-03-17 |  740966400 |
| Buffy    | 1989-05-13 |  893808000 |
| Fang     | 1990-08-27 |  853113600 |
| Bowser   | 1979-08-31 | 1199923200 |
| Chirpy   | 1998-09-11 |  599356800 |
| Whistler | 1997-12-09 |  623203200 |
| Slim     | 1996-04-29 |  674092800 |
| Puffball | 1999-03-30 |  582076800 |
+----------+------------+------------+
9 rows in set (0.00 sec)

MariaDB [mytestdb]> select name,birth,timestampdiff(nanosecond,birth,curdate()) as age from pet ;
ERROR 1064 (42000): You have an error in your SQL syntax; check the manual that corresponds to your MariaDB server version for the right syntax to use near 'nanosecond,birth,curdate()) as age from pet' at line 1
MariaDB [mytestdb]> select name,birth,timestampdiff(day,birth,curdate()) as age from pet ;
+----------+------------+-------+
| name     | birth      | age   |
+----------+------------+-------+
| Fluffy   | 1993-02-04 |  8982 |
| Claws    | 1994-03-17 |  8576 |
| Buffy    | 1989-05-13 | 10345 |
| Fang     | 1990-08-27 |  9874 |
| Bowser   | 1979-08-31 | 13888 |
| Chirpy   | 1998-09-11 |  6937 |
| Whistler | 1997-12-09 |  7213 |
| Slim     | 1996-04-29 |  7802 |
| Puffball | 1999-03-30 |  6737 |
+----------+------------+-------+
9 rows in set (0.00 sec)

MariaDB [mytestdb]> SELECT TO_CHAR (TO_DATE (2447834, 'j'), 'jsp') FROM pet;
ERROR 1305 (42000): FUNCTION mytestdb.TO_CHAR does not exist
MariaDB [mytestdb]> SET @a =10;
Query OK, 0 rows affected (0.00 sec)

MariaDB [mytestdb]> select @a;
+------+
| @a   |
+------+
|   10 |
+------+
1 row in set (0.02 sec)

MariaDB [mytestdb]> select * from pet where name rLIKE 'b';
+----------+--------+---------+------+------------+------------+
| name     | owner  | species | sex  | birth      | death      |
+----------+--------+---------+------+------------+------------+
| Buffy    | Harold | dog     | f    | 1989-05-13 | 0000-00-00 |
| Bowser   | Diane  | dog     | m    | 1979-08-31 | 1995-07-29 |
| Puffball | Diane  | hamster | f    | 1999-03-30 | NULL       |
+----------+--------+---------+------+------------+------------+
3 rows in set (0.00 sec)

MariaDB [mytestdb]> select * from pet where name rLIKE '%b';
Empty set (0.00 sec)

MariaDB [mytestdb]> select * from pet where name rLIKE 'b5';
Empty set (0.00 sec)

MariaDB [mytestdb]> select * from pet where name rLIKE 'b%';
Empty set (0.00 sec)

MariaDB [mytestdb]> select * from pet where name rLIKE '^b';
+--------+--------+---------+------+------------+------------+
| name   | owner  | species | sex  | birth      | death      |
+--------+--------+---------+------+------------+------------+
| Buffy  | Harold | dog     | f    | 1989-05-13 | 0000-00-00 |
| Bowser | Diane  | dog     | m    | 1979-08-31 | 1995-07-29 |
+--------+--------+---------+------+------------+------------+
2 rows in set (0.00 sec)

MariaDB [mytestdb]> select * from pet where name REGEXP BINARY 'b^';
Empty set (0.05 sec)

MariaDB [mytestdb]> SELECT * FROM pet WHERE name REGEXP 'fy$';
+--------+--------+---------+------+------------+------------+
| name   | owner  | species | sex  | birth      | death      |
+--------+--------+---------+------+------------+------------+
| Fluffy | Harold | cat     | f    | 1993-02-04 | 0000-00-00 |
| Buffy  | Harold | dog     | f    | 1989-05-13 | 0000-00-00 |
+--------+--------+---------+------+------------+------------+
2 rows in set (0.00 sec)

MariaDB [mytestdb]> SELECT * FROM pet WHERE name REGEXP 'r$';
+----------+-------+---------+------+------------+------------+
| name     | owner | species | sex  | birth      | death      |
+----------+-------+---------+------+------------+------------+
| Bowser   | Diane | dog     | m    | 1979-08-31 | 1995-07-29 |
| Whistler | Gwen  | bird    |      | 1997-12-09 | 0000-00-00 |
+----------+-------+---------+------+------------+------------+
2 rows in set (0.00 sec)

MariaDB [mytestdb]> SELECT * FROM pet WHERE name REGEXP '^.....$';
+-------+--------+---------+------+------------+------------+
| name  | owner  | species | sex  | birth      | death      |
+-------+--------+---------+------+------------+------------+
| Claws | Gwen   | cat     | m    | 1994-03-17 | 0000-00-00 |
| Buffy | Harold | dog     | f    | 1989-05-13 | 0000-00-00 |
+-------+--------+---------+------+------------+------------+
2 rows in set (0.00 sec)

MariaDB [mytestdb]> SELECT * FROM pet WHERE name REGEXP '^....$';
+------+-------+---------+------+------------+------------+
| name | owner | species | sex  | birth      | death      |
+------+-------+---------+------+------------+------------+
| Fang | Benny | dog     | m    | 1990-08-27 | 0000-00-00 |
| Slim | Benny | snake   | m    | 1996-04-29 | 0000-00-00 |
+------+-------+---------+------+------------+------------+
2 rows in set (0.00 sec)

MariaDB [mytestdb]> SELECT * FROM pet WHERE name REGEXP '^......$';
+--------+--------+---------+------+------------+------------+
| name   | owner  | species | sex  | birth      | death      |
+--------+--------+---------+------+------------+------------+
| Fluffy | Harold | cat     | f    | 1993-02-04 | 0000-00-00 |
| Bowser | Diane  | dog     | m    | 1979-08-31 | 1995-07-29 |
| Chirpy | Gwen   | bird    | f    | 1998-09-11 | 0000-00-00 |
+--------+--------+---------+------+------------+------------+
3 rows in set (0.00 sec)

MariaDB [mytestdb]> SELECT * FROM pet WHERE name REGEXP '^.{5}$';
+-------+--------+---------+------+------------+------------+
| name  | owner  | species | sex  | birth      | death      |
+-------+--------+---------+------+------------+------------+
| Claws | Gwen   | cat     | m    | 1994-03-17 | 0000-00-00 |
| Buffy | Harold | dog     | f    | 1989-05-13 | 0000-00-00 |
+-------+--------+---------+------+------------+------------+
2 rows in set (0.04 sec)

MariaDB [mytestdb]> mysql> SELECT 'fo\nfo' REGEXP '^fo$';
ERROR 1064 (42000): You have an error in your SQL syntax; check the manual that corresponds to your MariaDB server version for the right syntax to use near 'mysql> SELECT 'fo\nfo' REGEXP '^fo$'' at line 1
MariaDB [mytestdb]> SELECT 'fo\nfo' REGEXP '^fo$';
+------------------------+
| 'fo\nfo' REGEXP '^fo$' |
+------------------------+
|                      0 |
+------------------------+
1 row in set (0.00 sec)

MariaDB [mytestdb]> SELECT * FROM pet WHERE name REGEXP '^c';
+--------+-------+---------+------+------------+------------+
| name   | owner | species | sex  | birth      | death      |
+--------+-------+---------+------+------------+------------+
| Claws  | Gwen  | cat     | m    | 1994-03-17 | 0000-00-00 |
| Chirpy | Gwen  | bird    | f    | 1998-09-11 | 0000-00-00 |
+--------+-------+---------+------+------------+------------+
2 rows in set (0.00 sec)

MariaDB [mytestdb]> SELECT * FROM pet WHERE name REGEXP '^c$';
Empty set (0.00 sec)

MariaDB [mytestdb]> select * from pet;
+----------+--------+---------+------+------------+------------+
| name     | owner  | species | sex  | birth      | death      |
+----------+--------+---------+------+------------+------------+
| Fluffy   | Harold | cat     | f    | 1993-02-04 | 0000-00-00 |
| Claws    | Gwen   | cat     | m    | 1994-03-17 | 0000-00-00 |
| Buffy    | Harold | dog     | f    | 1989-05-13 | 0000-00-00 |
| Fang     | Benny  | dog     | m    | 1990-08-27 | 0000-00-00 |
| Bowser   | Diane  | dog     | m    | 1979-08-31 | 1995-07-29 |
| Chirpy   | Gwen   | bird    | f    | 1998-09-11 | 0000-00-00 |
| Whistler | Gwen   | bird    |      | 1997-12-09 | 0000-00-00 |
| Slim     | Benny  | snake   | m    | 1996-04-29 | 0000-00-00 |
| Puffball | Diane  | hamster | f    | 1999-03-30 | NULL       |
+----------+--------+---------+------+------------+------------+
9 rows in set (0.00 sec)

MariaDB [mytestdb]> insert into pet values('fo abddfodzxfo','herold','cat','f','','');
Query OK, 1 row affected, 2 warnings (0.09 sec)

MariaDB [mytestdb]> select * from pet;
+----------------+--------+---------+------+------------+------------+
| name           | owner  | species | sex  | birth      | death      |
+----------------+--------+---------+------+------------+------------+
| Fluffy         | Harold | cat     | f    | 1993-02-04 | 0000-00-00 |
| Claws          | Gwen   | cat     | m    | 1994-03-17 | 0000-00-00 |
| Buffy          | Harold | dog     | f    | 1989-05-13 | 0000-00-00 |
| Fang           | Benny  | dog     | m    | 1990-08-27 | 0000-00-00 |
| Bowser         | Diane  | dog     | m    | 1979-08-31 | 1995-07-29 |
| Chirpy         | Gwen   | bird    | f    | 1998-09-11 | 0000-00-00 |
| Whistler       | Gwen   | bird    |      | 1997-12-09 | 0000-00-00 |
| Slim           | Benny  | snake   | m    | 1996-04-29 | 0000-00-00 |
| Puffball       | Diane  | hamster | f    | 1999-03-30 | NULL       |
| fo abddfodzxfo | herold | cat     | f    | 0000-00-00 | 0000-00-00 |
+----------------+--------+---------+------+------------+------------+
10 rows in set (0.00 sec)

MariaDB [mytestdb]> SELECT * FROM pet WHERE name REGEXP '^fo$';
Empty set (0.00 sec)

MariaDB [mytestdb]> SELECT * FROM pet WHERE name REGEXP '^fo $';
Empty set (0.01 sec)

MariaDB [mytestdb]> insert into pet values('fofo','herold','cat','f','','');
Query OK, 1 row affected, 2 warnings (0.07 sec)

MariaDB [mytestdb]> SELECT * FROM pet WHERE name REGEXP '^fo$';
Empty set (0.00 sec)

MariaDB [mytestdb]> select * from pet;
+----------------+--------+---------+------+------------+------------+
| name           | owner  | species | sex  | birth      | death      |
+----------------+--------+---------+------+------------+------------+
| Fluffy         | Harold | cat     | f    | 1993-02-04 | 0000-00-00 |
| Claws          | Gwen   | cat     | m    | 1994-03-17 | 0000-00-00 |
| Buffy          | Harold | dog     | f    | 1989-05-13 | 0000-00-00 |
| Fang           | Benny  | dog     | m    | 1990-08-27 | 0000-00-00 |
| Bowser         | Diane  | dog     | m    | 1979-08-31 | 1995-07-29 |
| Chirpy         | Gwen   | bird    | f    | 1998-09-11 | 0000-00-00 |
| Whistler       | Gwen   | bird    |      | 1997-12-09 | 0000-00-00 |
| Slim           | Benny  | snake   | m    | 1996-04-29 | 0000-00-00 |
| Puffball       | Diane  | hamster | f    | 1999-03-30 | NULL       |
| fo abddfodzxfo | herold | cat     | f    | 0000-00-00 | 0000-00-00 |
| fofo           | herold | cat     | f    | 0000-00-00 | 0000-00-00 |
+----------------+--------+---------+------+------------+------------+
11 rows in set (0.00 sec)

MariaDB [mytestdb]> SELECT * FROM pet WHERE name REGEXP '^fo$';
Empty set (0.00 sec)

MariaDB [mytestdb]> SELECT * FROM pet WHERE name REGEXP '^fofo$';
+------+--------+---------+------+------------+------------+
| name | owner  | species | sex  | birth      | death      |
+------+--------+---------+------+------------+------------+
| fofo | herold | cat     | f    | 0000-00-00 | 0000-00-00 |
+------+--------+---------+------+------------+------------+
1 row in set (0.00 sec)

MariaDB [mytestdb]> SELECT * FROM pet WHERE name REGEXP '^f.o$';
Empty set (0.00 sec)

MariaDB [mytestdb]> SELECT * FROM pet WHERE name REGEXP '^f*o$';
Empty set (0.00 sec)

MariaDB [mytestdb]> SELECT * FROM pet WHERE name REGEXP '^f.*o$';
+----------------+--------+---------+------+------------+------------+
| name           | owner  | species | sex  | birth      | death      |
+----------------+--------+---------+------+------------+------------+
| fo abddfodzxfo | herold | cat     | f    | 0000-00-00 | 0000-00-00 |
| fofo           | herold | cat     | f    | 0000-00-00 | 0000-00-00 |
+----------------+--------+---------+------+------------+------------+
2 rows in set (0.00 sec)

MariaDB [mytestdb]> SELECT * FROM pet WHERE name REGEXP '^f.o$';
Empty set (0.00 sec)

MariaDB [mytestdb]> SELECT * FROM pet WHERE name REGEXP '^f*o$';
Empty set (0.00 sec)

MariaDB [mytestdb]> SELECT * FROM pet WHERE name REGEXP '^f.*o$';
+----------------+--------+---------+------+------------+------------+
| name           | owner  | species | sex  | birth      | death      |
+----------------+--------+---------+------+------------+------------+
| fo abddfodzxfo | herold | cat     | f    | 0000-00-00 | 0000-00-00 |
| fofo           | herold | cat     | f    | 0000-00-00 | 0000-00-00 |
+----------------+--------+---------+------+------------+------------+
2 rows in set (0.00 sec)

MariaDB [mytestdb]> SELECT 'Hello World' REGEXP '^H.*o;
    '> ;
    '> Bye

715368@203-IMAC13 c:\xampp
# mysql -u root -p
Enter password:
Welcome to the MariaDB monitor.  Commands end with ; or \g.
Your MariaDB connection id is 3
Server version: 10.1.21-MariaDB mariadb.org binary distribution

Copyright (c) 2000, 2016, Oracle, MariaDB Corporation Ab and others.

Type 'help;' or '\h' for help. Type '\c' to clear the current input statement.

MariaDB [(none)]> SELECT 'Hello World' REGEXP '^H.*o$;
    '> Bye

715368@203-IMAC13 c:\xampp
# mysql -u root -p
Enter password:
Welcome to the MariaDB monitor.  Commands end with ; or \g.
Your MariaDB connection id is 4
Server version: 10.1.21-MariaDB mariadb.org binary distribution

Copyright (c) 2000, 2016, Oracle, MariaDB Corporation Ab and others.

Type 'help;' or '\h' for help. Type '\c' to clear the current input statement.

MariaDB [(none)]> SELECT 'Hello World;
    '> Bye

715368@203-IMAC13 c:\xampp
# mysql -u root -p
Enter password:
Welcome to the MariaDB monitor.  Commands end with ; or \g.
Your MariaDB connection id is 5
Server version: 10.1.21-MariaDB mariadb.org binary distribution

Copyright (c) 2000, 2016, Oracle, MariaDB Corporation Ab and others.

Type 'help;' or '\h' for help. Type '\c' to clear the current input statement.

MariaDB [(none)]> SELECT 'Hello World' ;
+-------------+
| Hello World |
+-------------+
| Hello World |
+-------------+
1 row in set (0.00 sec)

MariaDB [(none)]> SELECT 'Hello World'  REGEXP '^H.0$';
+-------------------------------+
| 'Hello World'  REGEXP '^H.0$' |
+-------------------------------+
|                             0 |
+-------------------------------+
1 row in set (0.00 sec)

MariaDB [(none)]> SELECT 'Hello World'  REGEXP '^H.o$';
+-------------------------------+
| 'Hello World'  REGEXP '^H.o$' |
+-------------------------------+
|                             0 |
+-------------------------------+
1 row in set (0.00 sec)

MariaDB [(none)]> SELECT 'Hello World'  REGEXP '^H.d$';
+-------------------------------+
| 'Hello World'  REGEXP '^H.d$' |
+-------------------------------+
|                             0 |
+-------------------------------+
1 row in set (0.00 sec)

MariaDB [(none)]> SELECT 'Hello World'  REGEXP '^H.*o$';
+--------------------------------+
| 'Hello World'  REGEXP '^H.*o$' |
+--------------------------------+
|                              0 |
+--------------------------------+
1 row in set (0.00 sec)

MariaDB [(none)]> SELECT 'Hello World'  REGEXP '^H.*d$';
+--------------------------------+
| 'Hello World'  REGEXP '^H.*d$' |
+--------------------------------+
|                              1 |
+--------------------------------+
1 row in set (0.00 sec)

MariaDB [(none)]> SELECT 'Hello World'  REGEXP '^H.*d$';
+--------------------------------+
| 'Hello World'  REGEXP '^H.*d$' |
+--------------------------------+
|                              1 |
+--------------------------------+
1 row in set (0.00 sec)

MariaDB [(none)]> select * from products,manufacturers;
ERROR 1046 (3D000): No database selected
MariaDB [(none)]> use mytestdb;
Database changed
MariaDB [mytestdb]> select * from products,manufacturers;
+------+-----------------+--------+--------------+------+-------------------+
| CODE | NAME            | price  | MANUFACTURER | CODE | NAME              |
+------+-----------------+--------+--------------+------+-------------------+
|    1 | Hard drive      | 500.00 |            5 |    1 | Sony              |
|    1 | Hard drive      | 500.00 |            5 |    2 | Creative Labs     |
|    1 | Hard drive      | 500.00 |            5 |    3 | Hewlett-Packard   |
|    1 | Hard drive      | 500.00 |            5 |    4 | Iomega            |
|    1 | Hard drive      | 500.00 |            5 |    5 | Fujitsu           |
|    1 | Hard drive      | 500.00 |            5 |    6 | Winchester        |
|    1 | Hard drive      | 500.00 |            5 |    7 | moxDroid Labs Inc |
|    2 | Memory          | 120.00 |            6 |    1 | Sony              |
|    2 | Memory          | 120.00 |            6 |    2 | Creative Labs     |
|    2 | Memory          | 120.00 |            6 |    3 | Hewlett-Packard   |
|    2 | Memory          | 120.00 |            6 |    4 | Iomega            |
|    2 | Memory          | 120.00 |            6 |    5 | Fujitsu           |
|    2 | Memory          | 120.00 |            6 |    6 | Winchester        |
|    2 | Memory          | 120.00 |            6 |    7 | moxDroid Labs Inc |
|    3 | ZIP drive       | 150.00 |            4 |    1 | Sony              |
|    3 | ZIP drive       | 150.00 |            4 |    2 | Creative Labs     |
|    3 | ZIP drive       | 150.00 |            4 |    3 | Hewlett-Packard   |
|    3 | ZIP drive       | 150.00 |            4 |    4 | Iomega            |
|    3 | ZIP drive       | 150.00 |            4 |    5 | Fujitsu           |
|    3 | ZIP drive       | 150.00 |            4 |    6 | Winchester        |
|    3 | ZIP drive       | 150.00 |            4 |    7 | moxDroid Labs Inc |
|    4 | Floppy disk     |   5.00 |            6 |    1 | Sony              |
|    4 | Floppy disk     |   5.00 |            6 |    2 | Creative Labs     |
|    4 | Floppy disk     |   5.00 |            6 |    3 | Hewlett-Packard   |
|    4 | Floppy disk     |   5.00 |            6 |    4 | Iomega            |
|    4 | Floppy disk     |   5.00 |            6 |    5 | Fujitsu           |
|    4 | Floppy disk     |   5.00 |            6 |    6 | Winchester        |
|    4 | Floppy disk     |   5.00 |            6 |    7 | moxDroid Labs Inc |
|    5 | Monitor         | 240.00 |            1 |    1 | Sony              |
|    5 | Monitor         | 240.00 |            1 |    2 | Creative Labs     |
|    5 | Monitor         | 240.00 |            1 |    3 | Hewlett-Packard   |
|    5 | Monitor         | 240.00 |            1 |    4 | Iomega            |
|    5 | Monitor         | 240.00 |            1 |    5 | Fujitsu           |
|    5 | Monitor         | 240.00 |            1 |    6 | Winchester        |
|    5 | Monitor         | 240.00 |            1 |    7 | moxDroid Labs Inc |
|    6 | DVD drive       | 180.00 |            2 |    1 | Sony              |
|    6 | DVD drive       | 180.00 |            2 |    2 | Creative Labs     |
|    6 | DVD drive       | 180.00 |            2 |    3 | Hewlett-Packard   |
|    6 | DVD drive       | 180.00 |            2 |    4 | Iomega            |
|    6 | DVD drive       | 180.00 |            2 |    5 | Fujitsu           |
|    6 | DVD drive       | 180.00 |            2 |    6 | Winchester        |
|    6 | DVD drive       | 180.00 |            2 |    7 | moxDroid Labs Inc |
|    7 | CD drive        |  90.00 |            2 |    1 | Sony              |
|    7 | CD drive        |  90.00 |            2 |    2 | Creative Labs     |
|    7 | CD drive        |  90.00 |            2 |    3 | Hewlett-Packard   |
|    7 | CD drive        |  90.00 |            2 |    4 | Iomega            |
|    7 | CD drive        |  90.00 |            2 |    5 | Fujitsu           |
|    7 | CD drive        |  90.00 |            2 |    6 | Winchester        |
|    7 | CD drive        |  90.00 |            2 |    7 | moxDroid Labs Inc |
|    8 | Printer         | 270.00 |            3 |    1 | Sony              |
|    8 | Printer         | 270.00 |            3 |    2 | Creative Labs     |
|    8 | Printer         | 270.00 |            3 |    3 | Hewlett-Packard   |
|    8 | Printer         | 270.00 |            3 |    4 | Iomega            |
|    8 | Printer         | 270.00 |            3 |    5 | Fujitsu           |
|    8 | Printer         | 270.00 |            3 |    6 | Winchester        |
|    8 | Printer         | 270.00 |            3 |    7 | moxDroid Labs Inc |
|    9 | Toner cartridge |  66.00 |            3 |    1 | Sony              |
|    9 | Toner cartridge |  66.00 |            3 |    2 | Creative Labs     |
|    9 | Toner cartridge |  66.00 |            3 |    3 | Hewlett-Packard   |
|    9 | Toner cartridge |  66.00 |            3 |    4 | Iomega            |
|    9 | Toner cartridge |  66.00 |            3 |    5 | Fujitsu           |
|    9 | Toner cartridge |  66.00 |            3 |    6 | Winchester        |
|    9 | Toner cartridge |  66.00 |            3 |    7 | moxDroid Labs Inc |
|   10 | DVD burner      | 180.00 |            2 |    1 | Sony              |
|   10 | DVD burner      | 180.00 |            2 |    2 | Creative Labs     |
|   10 | DVD burner      | 180.00 |            2 |    3 | Hewlett-Packard   |
|   10 | DVD burner      | 180.00 |            2 |    4 | Iomega            |
|   10 | DVD burner      | 180.00 |            2 |    5 | Fujitsu           |
|   10 | DVD burner      | 180.00 |            2 |    6 | Winchester        |
|   10 | DVD burner      | 180.00 |            2 |    7 | moxDroid Labs Inc |
|   11 | Printer         | 270.00 |            7 |    1 | Sony              |
|   11 | Printer         | 270.00 |            7 |    2 | Creative Labs     |
|   11 | Printer         | 270.00 |            7 |    3 | Hewlett-Packard   |
|   11 | Printer         | 270.00 |            7 |    4 | Iomega            |
|   11 | Printer         | 270.00 |            7 |    5 | Fujitsu           |
|   11 | Printer         | 270.00 |            7 |    6 | Winchester        |
|   11 | Printer         | 270.00 |            7 |    7 | moxDroid Labs Inc |
+------+-----------------+--------+--------------+------+-------------------+
77 rows in set (0.06 sec)

MariaDB [mytestdb]> select * from products as p ,manufacturers;
+------+-----------------+--------+--------------+------+-------------------+
| CODE | NAME            | price  | MANUFACTURER | CODE | NAME              |
+------+-----------------+--------+--------------+------+-------------------+
|    1 | Hard drive      | 500.00 |            5 |    1 | Sony              |
|    1 | Hard drive      | 500.00 |            5 |    2 | Creative Labs     |
|    1 | Hard drive      | 500.00 |            5 |    3 | Hewlett-Packard   |
|    1 | Hard drive      | 500.00 |            5 |    4 | Iomega            |
|    1 | Hard drive      | 500.00 |            5 |    5 | Fujitsu           |
|    1 | Hard drive      | 500.00 |            5 |    6 | Winchester        |
|    1 | Hard drive      | 500.00 |            5 |    7 | moxDroid Labs Inc |
|    2 | Memory          | 120.00 |            6 |    1 | Sony              |
|    2 | Memory          | 120.00 |            6 |    2 | Creative Labs     |
|    2 | Memory          | 120.00 |            6 |    3 | Hewlett-Packard   |
|    2 | Memory          | 120.00 |            6 |    4 | Iomega            |
|    2 | Memory          | 120.00 |            6 |    5 | Fujitsu           |
|    2 | Memory          | 120.00 |            6 |    6 | Winchester        |
|    2 | Memory          | 120.00 |            6 |    7 | moxDroid Labs Inc |
|    3 | ZIP drive       | 150.00 |            4 |    1 | Sony              |
|    3 | ZIP drive       | 150.00 |            4 |    2 | Creative Labs     |
|    3 | ZIP drive       | 150.00 |            4 |    3 | Hewlett-Packard   |
|    3 | ZIP drive       | 150.00 |            4 |    4 | Iomega            |
|    3 | ZIP drive       | 150.00 |            4 |    5 | Fujitsu           |
|    3 | ZIP drive       | 150.00 |            4 |    6 | Winchester        |
|    3 | ZIP drive       | 150.00 |            4 |    7 | moxDroid Labs Inc |
|    4 | Floppy disk     |   5.00 |            6 |    1 | Sony              |
|    4 | Floppy disk     |   5.00 |            6 |    2 | Creative Labs     |
|    4 | Floppy disk     |   5.00 |            6 |    3 | Hewlett-Packard   |
|    4 | Floppy disk     |   5.00 |            6 |    4 | Iomega            |
|    4 | Floppy disk     |   5.00 |            6 |    5 | Fujitsu           |
|    4 | Floppy disk     |   5.00 |            6 |    6 | Winchester        |
|    4 | Floppy disk     |   5.00 |            6 |    7 | moxDroid Labs Inc |
|    5 | Monitor         | 240.00 |            1 |    1 | Sony              |
|    5 | Monitor         | 240.00 |            1 |    2 | Creative Labs     |
|    5 | Monitor         | 240.00 |            1 |    3 | Hewlett-Packard   |
|    5 | Monitor         | 240.00 |            1 |    4 | Iomega            |
|    5 | Monitor         | 240.00 |            1 |    5 | Fujitsu           |
|    5 | Monitor         | 240.00 |            1 |    6 | Winchester        |
|    5 | Monitor         | 240.00 |            1 |    7 | moxDroid Labs Inc |
|    6 | DVD drive       | 180.00 |            2 |    1 | Sony              |
|    6 | DVD drive       | 180.00 |            2 |    2 | Creative Labs     |
|    6 | DVD drive       | 180.00 |            2 |    3 | Hewlett-Packard   |
|    6 | DVD drive       | 180.00 |            2 |    4 | Iomega            |
|    6 | DVD drive       | 180.00 |            2 |    5 | Fujitsu           |
|    6 | DVD drive       | 180.00 |            2 |    6 | Winchester        |
|    6 | DVD drive       | 180.00 |            2 |    7 | moxDroid Labs Inc |
|    7 | CD drive        |  90.00 |            2 |    1 | Sony              |
|    7 | CD drive        |  90.00 |            2 |    2 | Creative Labs     |
|    7 | CD drive        |  90.00 |            2 |    3 | Hewlett-Packard   |
|    7 | CD drive        |  90.00 |            2 |    4 | Iomega            |
|    7 | CD drive        |  90.00 |            2 |    5 | Fujitsu           |
|    7 | CD drive        |  90.00 |            2 |    6 | Winchester        |
|    7 | CD drive        |  90.00 |            2 |    7 | moxDroid Labs Inc |
|    8 | Printer         | 270.00 |            3 |    1 | Sony              |
|    8 | Printer         | 270.00 |            3 |    2 | Creative Labs     |
|    8 | Printer         | 270.00 |            3 |    3 | Hewlett-Packard   |
|    8 | Printer         | 270.00 |            3 |    4 | Iomega            |
|    8 | Printer         | 270.00 |            3 |    5 | Fujitsu           |
|    8 | Printer         | 270.00 |            3 |    6 | Winchester        |
|    8 | Printer         | 270.00 |            3 |    7 | moxDroid Labs Inc |
|    9 | Toner cartridge |  66.00 |            3 |    1 | Sony              |
|    9 | Toner cartridge |  66.00 |            3 |    2 | Creative Labs     |
|    9 | Toner cartridge |  66.00 |            3 |    3 | Hewlett-Packard   |
|    9 | Toner cartridge |  66.00 |            3 |    4 | Iomega            |
|    9 | Toner cartridge |  66.00 |            3 |    5 | Fujitsu           |
|    9 | Toner cartridge |  66.00 |            3 |    6 | Winchester        |
|    9 | Toner cartridge |  66.00 |            3 |    7 | moxDroid Labs Inc |
|   10 | DVD burner      | 180.00 |            2 |    1 | Sony              |
|   10 | DVD burner      | 180.00 |            2 |    2 | Creative Labs     |
|   10 | DVD burner      | 180.00 |            2 |    3 | Hewlett-Packard   |
|   10 | DVD burner      | 180.00 |            2 |    4 | Iomega            |
|   10 | DVD burner      | 180.00 |            2 |    5 | Fujitsu           |
|   10 | DVD burner      | 180.00 |            2 |    6 | Winchester        |
|   10 | DVD burner      | 180.00 |            2 |    7 | moxDroid Labs Inc |
|   11 | Printer         | 270.00 |            7 |    1 | Sony              |
|   11 | Printer         | 270.00 |            7 |    2 | Creative Labs     |
|   11 | Printer         | 270.00 |            7 |    3 | Hewlett-Packard   |
|   11 | Printer         | 270.00 |            7 |    4 | Iomega            |
|   11 | Printer         | 270.00 |            7 |    5 | Fujitsu           |
|   11 | Printer         | 270.00 |            7 |    6 | Winchester        |
|   11 | Printer         | 270.00 |            7 |    7 | moxDroid Labs Inc |
+------+-----------------+--------+--------------+------+-------------------+
77 rows in set (0.00 sec)

MariaDB [mytestdb]> select * from products;
+------+-----------------+--------+--------------+
| CODE | NAME            | price  | MANUFACTURER |
+------+-----------------+--------+--------------+
|    1 | Hard drive      | 500.00 |            5 |
|    2 | Memory          | 120.00 |            6 |
|    3 | ZIP drive       | 150.00 |            4 |
|    4 | Floppy disk     |   5.00 |            6 |
|    5 | Monitor         | 240.00 |            1 |
|    6 | DVD drive       | 180.00 |            2 |
|    7 | CD drive        |  90.00 |            2 |
|    8 | Printer         | 270.00 |            3 |
|    9 | Toner cartridge |  66.00 |            3 |
|   10 | DVD burner      | 180.00 |            2 |
|   11 | Printer         | 270.00 |            7 |
+------+-----------------+--------+--------------+
11 rows in set (0.00 sec)

MariaDB [mytestdb]> select * from manufacturers;
+------+-------------------+
| CODE | NAME              |
+------+-------------------+
|    1 | Sony              |
|    2 | Creative Labs     |
|    3 | Hewlett-Packard   |
|    4 | Iomega            |
|    5 | Fujitsu           |
|    6 | Winchester        |
|    7 | moxDroid Labs Inc |
+------+-------------------+
7 rows in set (0.00 sec)

MariaDB [mytestdb]>
MariaDB [mytestdb]> SELECT * FROM products as p
    -> INNER JOIN  manufacturers as m ON m.code = p.manufacturer;
+------+-----------------+--------+--------------+------+-------------------+
| CODE | NAME            | price  | MANUFACTURER | CODE | NAME              |
+------+-----------------+--------+--------------+------+-------------------+
|    1 | Hard drive      | 500.00 |            5 |    5 | Fujitsu           |
|    2 | Memory          | 120.00 |            6 |    6 | Winchester        |
|    3 | ZIP drive       | 150.00 |            4 |    4 | Iomega            |
|    4 | Floppy disk     |   5.00 |            6 |    6 | Winchester        |
|    5 | Monitor         | 240.00 |            1 |    1 | Sony              |
|    6 | DVD drive       | 180.00 |            2 |    2 | Creative Labs     |
|    7 | CD drive        |  90.00 |            2 |    2 | Creative Labs     |
|    8 | Printer         | 270.00 |            3 |    3 | Hewlett-Packard   |
|    9 | Toner cartridge |  66.00 |            3 |    3 | Hewlett-Packard   |
|   10 | DVD burner      | 180.00 |            2 |    2 | Creative Labs     |
|   11 | Printer         | 270.00 |            7 |    7 | moxDroid Labs Inc |
+------+-----------------+--------+--------------+------+-------------------+
11 rows in set (0.00 sec)

MariaDB [mytestdb]> SELECT p.code,p.name,p.price,m.code,m.name FROM products as p
    -> INNER JOIN  manufacturers as m ON m.code = p.manufacturer;
+------+-----------------+--------+------+-------------------+
| code | name            | price  | code | name              |
+------+-----------------+--------+------+-------------------+
|    1 | Hard drive      | 500.00 |    5 | Fujitsu           |
|    2 | Memory          | 120.00 |    6 | Winchester        |
|    3 | ZIP drive       | 150.00 |    4 | Iomega            |
|    4 | Floppy disk     |   5.00 |    6 | Winchester        |
|    5 | Monitor         | 240.00 |    1 | Sony              |
|    6 | DVD drive       | 180.00 |    2 | Creative Labs     |
|    7 | CD drive        |  90.00 |    2 | Creative Labs     |
|    8 | Printer         | 270.00 |    3 | Hewlett-Packard   |
|    9 | Toner cartridge |  66.00 |    3 | Hewlett-Packard   |
|   10 | DVD burner      | 180.00 |    2 | Creative Labs     |
|   11 | Printer         | 270.00 |    7 | moxDroid Labs Inc |
+------+-----------------+--------+------+-------------------+
11 rows in set (0.05 sec)

MariaDB [mytestdb]> SELECT p.code AS product_code,p.name as product_name,p.price as product_proce,m.code as manf_code,m.name as manf_name FROM products as p FROM products as p
    -> INNER JOIN  manufacturers as m ON m.code = p.manufacturer
    -> ;
ERROR 1064 (42000): You have an error in your SQL syntax; check the manual that corresponds to your MariaDB server version for the right syntax to use near 'FROM products as p
INNER JOIN  manufacturers as m ON m.code = p.manufacturer' at line 1
MariaDB [mytestdb]> SELECT p.code,p.name,p.price,m.code,m.name FROM products as p
    ->     -> INNER JOIN  manufacturers as m ON m.code = p.manufacturer;
ERROR 1064 (42000): You have an error in your SQL syntax; check the manual that corresponds to your MariaDB server version for the right syntax to use near '-> INNER JOIN  manufacturers as m ON m.code = p.manufacturer' at line 2
MariaDB [mytestdb]> SELECT p.name as product_name,p.price as price,m.name as manu_name FROM products as p
    -> INNER JOIN  manufacturers as m ON m.code = p.manufacturer;
+-----------------+--------+-------------------+
| product_name    | price  | manu_name         |
+-----------------+--------+-------------------+
| Hard drive      | 500.00 | Fujitsu           |
| Memory          | 120.00 | Winchester        |
| ZIP drive       | 150.00 | Iomega            |
| Floppy disk     |   5.00 | Winchester        |
| Monitor         | 240.00 | Sony              |
| DVD drive       | 180.00 | Creative Labs     |
| CD drive        |  90.00 | Creative Labs     |
| Printer         | 270.00 | Hewlett-Packard   |
| Toner cartridge |  66.00 | Hewlett-Packard   |
| DVD burner      | 180.00 | Creative Labs     |
| Printer         | 270.00 | moxDroid Labs Inc |
+-----------------+--------+-------------------+
11 rows in set (0.00 sec)

MariaDB [mytestdb]>
MariaDB [mytestdb]> CREATE TABLE locations (code int(5) primary key not null auto_increment , name varchar(50) not null);
Query OK, 0 rows affected (0.31 sec)

MariaDB [mytestdb]> select * from products;
+------+-----------------+--------+--------------+
| CODE | NAME            | price  | MANUFACTURER |
+------+-----------------+--------+--------------+
|    1 | Hard drive      | 500.00 |            5 |
|    2 | Memory          | 120.00 |            6 |
|    3 | ZIP drive       | 150.00 |            4 |
|    4 | Floppy disk     |   5.00 |            6 |
|    5 | Monitor         | 240.00 |            1 |
|    6 | DVD drive       | 180.00 |            2 |
|    7 | CD drive        |  90.00 |            2 |
|    8 | Printer         | 270.00 |            3 |
|    9 | Toner cartridge |  66.00 |            3 |
|   10 | DVD burner      | 180.00 |            2 |
|   11 | Printer         | 270.00 |            7 |
+------+-----------------+--------+--------------+
11 rows in set (0.00 sec)

MariaDB [mytestdb]>
MariaDB [mytestdb]> DELETE from products where manufacturer = 7;
Query OK, 1 row affected (0.08 sec)

MariaDB [mytestdb]>
MariaDB [mytestdb]> SELECT * from manufacturers as m
    -> LEFT JOIN products as p ON p.manufacturer=m.code;
+------+-------------------+------+-----------------+--------+--------------+
| CODE | NAME              | CODE | NAME            | price  | MANUFACTURER |
+------+-------------------+------+-----------------+--------+--------------+
|    1 | Sony              |    5 | Monitor         | 240.00 |            1 |
|    2 | Creative Labs     |    6 | DVD drive       | 180.00 |            2 |
|    2 | Creative Labs     |    7 | CD drive        |  90.00 |            2 |
|    2 | Creative Labs     |   10 | DVD burner      | 180.00 |            2 |
|    3 | Hewlett-Packard   |    8 | Printer         | 270.00 |            3 |
|    3 | Hewlett-Packard   |    9 | Toner cartridge |  66.00 |            3 |
|    4 | Iomega            |    3 | ZIP drive       | 150.00 |            4 |
|    5 | Fujitsu           |    1 | Hard drive      | 500.00 |            5 |
|    6 | Winchester        |    2 | Memory          | 120.00 |            6 |
|    6 | Winchester        |    4 | Floppy disk     |   5.00 |            6 |
|    7 | moxDroid Labs Inc | NULL | NULL            |   NULL |         NULL |
+------+-------------------+------+-----------------+--------+--------------+
11 rows in set (0.00 sec)

MariaDB [mytestdb]> drop table manufacturers;
ERROR 1451 (23000): Cannot delete or update a parent row: a foreign key constraint fails
MariaDB [mytestdb]> drop table products;
Query OK, 0 rows affected (0.20 sec)

MariaDB [mytestdb]> drop table manufacturers;
Query OK, 0 rows affected (0.11 sec)

MariaDB [mytestdb]> CREATE TABLE MANUFACTURERS(
    -> CODE INTEGER(3) PRIMARY KEY,
    -> NAME VARCHAR(50) NOT NULL
    -> );
Query OK, 0 rows affected (0.28 sec)

MariaDB [mytestdb]> CREATE TABLE Products (
    ->  Code INTEGER,
    ->  Name VARCHAR(255) NOT NULL ,
    ->  Price DECIMAL NOT NULL ,
    ->  Manufacturer INTEGER,
    ->  PRIMARY KEY (Code),
    ->  FOREIGN KEY (Manufacturer) REFERENCES Manufacturers(Code) ON DELETE SET NULL
    -> );
Query OK, 0 rows affected (0.34 sec)

MariaDB [mytestdb]> INSERT INTO Manufacturers(Code,Name) VALUES(1,'Sony');
Query OK, 1 row affected (0.06 sec)

MariaDB [mytestdb]> INSERT INTO Manufacturers(Code,Name) VALUES(2,'Creative Labs');
Query OK, 1 row affected (0.05 sec)

MariaDB [mytestdb]> INSERT INTO Manufacturers(Code,Name) VALUES(3,'Hewlett-Packard');
Query OK, 1 row affected (0.08 sec)

MariaDB [mytestdb]> INSERT INTO Manufacturers(Code,Name) VALUES(4,'Iomega');
Query OK, 1 row affected (0.05 sec)

MariaDB [mytestdb]> INSERT INTO Manufacturers(Code,Name) VALUES(5,'Fujitsu');
Query OK, 1 row affected (0.03 sec)

MariaDB [mytestdb]> INSERT INTO Manufacturers(Code,Name) VALUES(6,'Winchester');
Query OK, 1 row affected (0.01 sec)

MariaDB [mytestdb]> INSERT INTO manufacturers VALUES(7,'moxDroid Labs Inc');
Query OK, 1 row affected (0.05 sec)

MariaDB [mytestdb]> INSERT INTO Products(Code,Name,Price,Manufacturer) VALUES(11,'Printer',40.00,7);
Query OK, 1 row affected (0.08 sec)

MariaDB [mytestdb]> INSERT INTO Products(Code,Name,Price,Manufacturer) VALUES(12,'Toner cartridge',54.00,7);
Query OK, 1 row affected (0.05 sec)

MariaDB [mytestdb]> INSERT INTO Products(Code,Name,Price,Manufacturer) VALUES(13,'DVD burner',78.00,7);
Query OK, 1 row affected (0.09 sec)

MariaDB [mytestdb]> INSERT INTO Products(Code,Name,Price,Manufacturer) VALUES(1,'Hard drive',240,5);
Query OK, 1 row affected (0.06 sec)

MariaDB [mytestdb]> INSERT INTO Products(Code,Name,Price,Manufacturer) VALUES(2,'Memory',120,6);
Query OK, 1 row affected (0.03 sec)

MariaDB [mytestdb]> INSERT INTO Products(Code,Name,Price,Manufacturer) VALUES(3,'ZIP drive',150,4);
Query OK, 1 row affected (0.03 sec)

MariaDB [mytestdb]> INSERT INTO Products(Code,Name,Price,Manufacturer) VALUES(4,'Floppy disk',5,6);
Query OK, 1 row affected (0.02 sec)

MariaDB [mytestdb]> INSERT INTO Products(Code,Name,Price,Manufacturer) VALUES(5,'Monitor',240,1);
Query OK, 1 row affected (0.05 sec)

MariaDB [mytestdb]> INSERT INTO Products(Code,Name,Price,Manufacturer) VALUES(6,'DVD drive',180,2);
Query OK, 1 row affected (0.01 sec)

MariaDB [mytestdb]> INSERT INTO Products(Code,Name,Price,Manufacturer) VALUES(7,'CD drive',90,2);
Query OK, 1 row affected (0.03 sec)

MariaDB [mytestdb]> INSERT INTO Products(Code,Name,Price,Manufacturer) VALUES(8,'Printer',270,3);
Query OK, 1 row affected (0.02 sec)

MariaDB [mytestdb]> INSERT INTO Products(Code,Name,Price,Manufacturer) VALUES(9,'Toner cartridge',66,3);
Query OK, 1 row affected (0.05 sec)

MariaDB [mytestdb]> INSERT INTO Products(Code,Name,Price,Manufacturer) VALUES(10,'DVD burner',180,2);
Query OK, 1 row affected (0.06 sec)

MariaDB [mytestdb]> select * from manufacturers;
+------+-------------------+
| CODE | NAME              |
+------+-------------------+
|    1 | Sony              |
|    2 | Creative Labs     |
|    3 | Hewlett-Packard   |
|    4 | Iomega            |
|    5 | Fujitsu           |
|    6 | Winchester        |
|    7 | moxDroid Labs Inc |
+------+-------------------+
7 rows in set (0.00 sec)

MariaDB [mytestdb]> select * from products;
+------+-----------------+-------+--------------+
| Code | Name            | Price | Manufacturer |
+------+-----------------+-------+--------------+
|    1 | Hard drive      |   240 |            5 |
|    2 | Memory          |   120 |            6 |
|    3 | ZIP drive       |   150 |            4 |
|    4 | Floppy disk     |     5 |            6 |
|    5 | Monitor         |   240 |            1 |
|    6 | DVD drive       |   180 |            2 |
|    7 | CD drive        |    90 |            2 |
|    8 | Printer         |   270 |            3 |
|    9 | Toner cartridge |    66 |            3 |
|   10 | DVD burner      |   180 |            2 |
|   11 | Printer         |    40 |            7 |
|   12 | Toner cartridge |    54 |            7 |
|   13 | DVD burner      |    78 |            7 |
+------+-----------------+-------+--------------+
13 rows in set (0.00 sec)

MariaDB [mytestdb]> SELECT SELECT p.code AS product_code,p.name as product_name,p.price as product_proce,m.code as manf_code,m.name as manf_name FROM products as p FROM products as p
    -> INNER JOIN  manufacturers as m ON m.code = p.manufacturer;
ERROR 1064 (42000): You have an error in your SQL syntax; check the manual that corresponds to your MariaDB server version for the right syntax to use near 'SELECT p.code AS product_code,p.name as product_name,p.price as product_proce,m.' at line 1
MariaDB [mytestdb]> SELECT * from manufacturers as m LEFT JOIN products as p ON p.manufacturer=m.code;
+------+-------------------+------+-----------------+-------+--------------+
| CODE | NAME              | Code | Name            | Price | Manufacturer |
+------+-------------------+------+-----------------+-------+--------------+
|    1 | Sony              |    5 | Monitor         |   240 |            1 |
|    2 | Creative Labs     |    6 | DVD drive       |   180 |            2 |
|    2 | Creative Labs     |    7 | CD drive        |    90 |            2 |
|    2 | Creative Labs     |   10 | DVD burner      |   180 |            2 |
|    3 | Hewlett-Packard   |    8 | Printer         |   270 |            3 |
|    3 | Hewlett-Packard   |    9 | Toner cartridge |    66 |            3 |
|    4 | Iomega            |    3 | ZIP drive       |   150 |            4 |
|    5 | Fujitsu           |    1 | Hard drive      |   240 |            5 |
|    6 | Winchester        |    2 | Memory          |   120 |            6 |
|    6 | Winchester        |    4 | Floppy disk     |     5 |            6 |
|    7 | moxDroid Labs Inc |   11 | Printer         |    40 |            7 |
|    7 | moxDroid Labs Inc |   12 | Toner cartridge |    54 |            7 |
|    7 | moxDroid Labs Inc |   13 | DVD burner      |    78 |            7 |
+------+-------------------+------+-----------------+-------+--------------+
13 rows in set (0.00 sec)

MariaDB [mytestdb]> DELETE FROM PRODUCTS WHERE manufacturer = 7
    -> ;
Query OK, 3 rows affected (0.17 sec)

MariaDB [mytestdb]> select * from products;
+------+-----------------+-------+--------------+
| Code | Name            | Price | Manufacturer |
+------+-----------------+-------+--------------+
|    1 | Hard drive      |   240 |            5 |
|    2 | Memory          |   120 |            6 |
|    3 | ZIP drive       |   150 |            4 |
|    4 | Floppy disk     |     5 |            6 |
|    5 | Monitor         |   240 |            1 |
|    6 | DVD drive       |   180 |            2 |
|    7 | CD drive        |    90 |            2 |
|    8 | Printer         |   270 |            3 |
|    9 | Toner cartridge |    66 |            3 |
|   10 | DVD burner      |   180 |            2 |
+------+-----------------+-------+--------------+
10 rows in set (0.00 sec)

MariaDB [mytestdb]> INSERT INTO Products(Code,Name,Price,Manufacturer) VALUES(11,'USB Driver',40.00,NULL);
Query OK, 1 row affected (0.01 sec)

MariaDB [mytestdb]> INSERT INTO Products(Code,Name,Price,Manufacturer) VALUES(12,'USB Driver',54.00,7);
Query OK, 1 row affected (0.08 sec)

MariaDB [mytestdb]> select * from products;
+------+-----------------+-------+--------------+
| Code | Name            | Price | Manufacturer |
+------+-----------------+-------+--------------+
|    1 | Hard drive      |   240 |            5 |
|    2 | Memory          |   120 |            6 |
|    3 | ZIP drive       |   150 |            4 |
|    4 | Floppy disk     |     5 |            6 |
|    5 | Monitor         |   240 |            1 |
|    6 | DVD drive       |   180 |            2 |
|    7 | CD drive        |    90 |            2 |
|    8 | Printer         |   270 |            3 |
|    9 | Toner cartridge |    66 |            3 |
|   10 | DVD burner      |   180 |            2 |
|   11 | USB Driver      |    40 |         NULL |
|   12 | USB Driver      |    54 |            7 |
+------+-----------------+-------+--------------+
12 rows in set (0.00 sec)

MariaDB [mytestdb]> delete from manufacturers where code = 7;
Query OK, 1 row affected (0.09 sec)

MariaDB [mytestdb]> select * from products;
+------+-----------------+-------+--------------+
| Code | Name            | Price | Manufacturer |
+------+-----------------+-------+--------------+
|    1 | Hard drive      |   240 |            5 |
|    2 | Memory          |   120 |            6 |
|    3 | ZIP drive       |   150 |            4 |
|    4 | Floppy disk     |     5 |            6 |
|    5 | Monitor         |   240 |            1 |
|    6 | DVD drive       |   180 |            2 |
|    7 | CD drive        |    90 |            2 |
|    8 | Printer         |   270 |            3 |
|    9 | Toner cartridge |    66 |            3 |
|   10 | DVD burner      |   180 |            2 |
|   11 | USB Driver      |    40 |         NULL |
|   12 | USB Driver      |    54 |         NULL |
+------+-----------------+-------+--------------+
12 rows in set (0.00 sec)

MariaDB [mytestdb]> SELECT SELECT p.code AS product_code,p.name as product_name,p.price as product_proce,m.code as manf_code,m.name as manf_name FROM products as p FROM products as p
    -> ;
ERROR 1064 (42000): You have an error in your SQL syntax; check the manual that corresponds to your MariaDB server version for the right syntax to use near 'SELECT p.code AS product_code,p.name as product_name,p.price as product_proce,m.' at line 1
MariaDB [mytestdb]> SELECT SELECT p.code AS product_code,p.name as product_name,p.price as product_proce,m.code as manf_code,m.name as manf_name FROM products as p FROM products as p
    -> ;
ERROR 1064 (42000): You have an error in your SQL syntax; check the manual that corresponds to your MariaDB server version for the right syntax to use near 'SELECT p.code AS product_code,p.name as product_name,p.price as product_proce,m.' at line 1
MariaDB [mytestdb]> SELECT * from manufacturers as m LEFT JOIN products as p ON p.manufacturer=m.code;
+------+-----------------+------+-----------------+-------+--------------+
| CODE | NAME            | Code | Name            | Price | Manufacturer |
+------+-----------------+------+-----------------+-------+--------------+
|    1 | Sony            |    5 | Monitor         |   240 |            1 |
|    2 | Creative Labs   |    6 | DVD drive       |   180 |            2 |
|    2 | Creative Labs   |    7 | CD drive        |    90 |            2 |
|    2 | Creative Labs   |   10 | DVD burner      |   180 |            2 |
|    3 | Hewlett-Packard |    8 | Printer         |   270 |            3 |
|    3 | Hewlett-Packard |    9 | Toner cartridge |    66 |            3 |
|    4 | Iomega          |    3 | ZIP drive       |   150 |            4 |
|    5 | Fujitsu         |    1 | Hard drive      |   240 |            5 |
|    6 | Winchester      |    2 | Memory          |   120 |            6 |
|    6 | Winchester      |    4 | Floppy disk     |     5 |            6 |
+------+-----------------+------+-----------------+-------+--------------+
10 rows in set (0.02 sec)


==================================================14 Sep==============================================================================

Setting environment for using XAMPP for Windows.
Abdeali@DESKTOP-ACDK2PF c:\xampp
# mysql -u root -p
Enter password:
Welcome to the MariaDB monitor.  Commands end with ; or \g.
Your MariaDB connection id is 2
Server version: 10.1.26-MariaDB mariadb.org binary distribution

Copyright (c) 2000, 2017, Oracle, MariaDB Corporation Ab and others.

Type 'help;' or '\h' for help. Type '\c' to clear the current input statement.

MariaDB [(none)]> use MyTestDb;
Database changed
MariaDB [MyTestDb]> show tables;
+--------------------+
| Tables_in_mytestdb |
+--------------------+
| manufacturers      |
| pet                |
| pieces             |
| products           |
| providers          |
| provides           |
| student            |
+--------------------+
7 rows in set (0.11 sec)

MariaDB [MyTestDb]> select * from Pieces;select * from Providers;select * from provides;
+------+----------+
| Code | Name     |
+------+----------+
|    1 | Sprocket |
|    2 | Screw    |
|    3 | Nut      |
|    4 | Bolt     |
+------+----------+
4 rows in set (0.10 sec)

+------+----------------------+
| Code | Name                 |
+------+----------------------+
| HAL  | Clarke Enterprises   |
| RBT  | Susan Calvin Corp.   |
| TNBC | Skellington Supplies |
+------+----------------------+
3 rows in set (0.05 sec)

+------+-------+----------+-------+
| Code | Piece | Provider | Price |
+------+-------+----------+-------+
|    1 |     1 | HAL      | 10.00 |
|    2 |     1 | RBT      | 15.00 |
|    3 |     2 | HAL      | 20.00 |
|    4 |     2 | RBT      | 15.00 |
|    5 |     2 | TNBC     | 14.00 |
|    6 |     3 | RBT      | 50.00 |
|    7 |     3 | TNBC     | 45.00 |
|    8 |     4 | HAL      |  5.00 |
|    9 |     4 | RBT      |  7.00 |
+------+-------+----------+-------+
9 rows in set (0.06 sec)

MariaDB [MyTestDb]> CREATE TABLE [dbo].[Company](
    -> [Id] [int] IDENTITY(1,1) NOT NULL,
    -> [Name] [varchar](50) NULL,
    -> [BusinessNumber] [varchar](50) NULL,
    -> [Email] [varchar](255) NULL
    -> ) ON [PRIMARY];
ERROR 1064 (42000): You have an error in your SQL syntax; check the manual that corresponds to your MariaDB server version for the right syntax to use near '[dbo].[Company](
[Id] [int] IDENTITY(1,1) NOT NULL,
[Name] [varchar](50) NULL,
[' at line 1
MariaDB [MyTestDb]> CREATE TABLE [dbo].[Company](
    -> [Id] [int] IDENTITY(1,1) NOT NULL,
    -> [Name] [varchar](50) NULL,
    -> [BusinessNumber] [varchar](50) NULL,
    -> [Email] [varchar](255) NULL
    -> [Email] [varchar](255) NULL;
ERROR 1064 (42000): You have an error in your SQL syntax; check the manual that corresponds to your MariaDB server version for the right syntax to use near '[dbo].[Company](
[Id] [int] IDENTITY(1,1) NOT NULL,
[Name] [varchar](50) NULL,
[' at line 1
MariaDB [MyTestDb]> select CREATE TABLE [dbo].[Company](
    -> [Id] [int] IDENTITY(1,1) NOT NULL,
    -> [Name] [varchar](50) NULL,
    -> [BusinessNumber] [varchar](50) NULL,
    -> [Email] [varchar](255) NULL
    -> ) ON [PRIMARY];
ERROR 1064 (42000): You have an error in your SQL syntax; check the manual that corresponds to your MariaDB server version for the right syntax to use near 'CREATE TABLE [dbo].[Company](
[Id] [int] IDENTITY(1,1) NOT NULL,
[Name] [varchar' at line 1
MariaDB [MyTestDb]> Select * from pieces;
+------+----------+
| Code | Name     |
+------+----------+
|    1 | Sprocket |
|    2 | Screw    |
|    3 | Nut      |
|    4 | Bolt     |
+------+----------+
4 rows in set (0.00 sec)

MariaDB [MyTestDb]> Select * from Providers;
+------+----------------------+
| Code | Name                 |
+------+----------------------+
| HAL  | Clarke Enterprises   |
| RBT  | Susan Calvin Corp.   |
| TNBC | Skellington Supplies |
+------+----------------------+
3 rows in set (0.00 sec)

MariaDB [MyTestDb]> Select * from Provides;
+------+-------+----------+-------+
| Code | Piece | Provider | Price |
+------+-------+----------+-------+
|    1 |     1 | HAL      | 10.00 |
|    2 |     1 | RBT      | 15.00 |
|    3 |     2 | HAL      | 20.00 |
|    4 |     2 | RBT      | 15.00 |
|    5 |     2 | TNBC     | 14.00 |
|    6 |     3 | RBT      | 50.00 |
|    7 |     3 | TNBC     | 45.00 |
|    8 |     4 | HAL      |  5.00 |
|    9 |     4 | RBT      |  7.00 |
+------+-------+----------+-------+
9 rows in set (0.00 sec)

MariaDB [MyTestDb]> Select Pieces from provides where provider='HAL';
ERROR 1054 (42S22): Unknown column 'Pieces' in 'field list'
MariaDB [MyTestDb]> Select Name from Pieces where Code in (Select Piece from provides where provider='HAL');
+----------+
| Name     |
+----------+
| Sprocket |
| Screw    |
| Bolt     |
+----------+
3 rows in set (0.10 sec)

MariaDB [MyTestDb]> Select Code, Name from Pieces where Code in (Select Piece from provides where provider='HAL');
+------+----------+
| Code | Name     |
+------+----------+
|    1 | Sprocket |
|    2 | Screw    |
|    4 | Bolt     |
+------+----------+
3 rows in set (0.00 sec)

MariaDB [MyTestDb]> Insert into provides (Piece,Provider,Price) values (1,'TNBC', 7);
Query OK, 1 row affected (0.14 sec)

MariaDB [MyTestDb]> SELECT Name  FROM Pieces  WHERE EXISTS  (    SELECT * FROM Provides      WHERE Provider = 'HAL'        AND Piece = Pieces.Code  );
+----------+
| Name     |
+----------+
| Sprocket |
| Screw    |
| Bolt     |
+----------+
3 rows in set (0.03 sec)

MariaDB [MyTestDb]> Create Table Client
    -> (
    -> AccountNumber int Auto_Increment Primary Not NUll,
    -> Name varchar(50) NOT NULL
    -> );
ERROR 1064 (42000): You have an error in your SQL syntax; check the manual that corresponds to your MariaDB server version for the right syntax to use near 'Not NUll,
Name varchar(50) NOT NULL
)' at line 3
MariaDB [MyTestDb]> Create Table Client
    -> (
    -> AccountNumber int Auto_Increment Primary Not NUll,
    -> Name varchar(50) NOT NULL
    -> );
ERROR 1064 (42000): You have an error in your SQL syntax; check the manual that corresponds to your MariaDB server version for the right syntax to use near 'Not NUll,
Name varchar(50) NOT NULL
)' at line 3
MariaDB [MyTestDb]> Create Table Client
    -> (
    -> AccountNumber int Auto_Increment Primary ,
    -> Name varchar(50) NOT NULL
    -> );
ERROR 1064 (42000): You have an error in your SQL syntax; check the manual that corresponds to your MariaDB server version for the right syntax to use near '
Name varchar(50) NOT NULL
)' at line 3
MariaDB [MyTestDb]>
MariaDB [MyTestDb]> Create Table Client
    -> (
    -> AccountNumber int Auto_Increment Primary ,
    -> Name varchar(50) NOT NULL
    -> );
ERROR 1064 (42000): You have an error in your SQL syntax; check the manual that corresponds to your MariaDB server version for the right syntax to use near '
Name varchar(50) NOT NULL
)' at line 3
MariaDB [MyTestDb]> Create Table Client
    -> (
    -> AccountNumber int Auto_Increment Primary ,
    -> Name varchar(50) NOT NULL
    -> );
ERROR 1064 (42000): You have an error in your SQL syntax; check the manual that corresponds to your MariaDB server version for the right syntax to use near '
Name varchar(50) NOT NULL
)' at line 3
MariaDB [MyTestDb]> Create Table Client
    -> (
    -> AccountNumber int Auto_Increment Primary ,
    -> Name varchar(50) Not Null
    -> );
ERROR 1064 (42000): You have an error in your SQL syntax; check the manual that corresponds to your MariaDB server version for the right syntax to use near '
Name varchar(50) Not Null
)' at line 3
MariaDB [MyTestDb]> Create Table Client
    -> (
    -> AccountNumber int Primary Auto_Increment  ,
    -> Name varchar(50) Not Null
    -> );
ERROR 1064 (42000): You have an error in your SQL syntax; check the manual that corresponds to your MariaDB server version for the right syntax to use near 'Auto_Increment  ,
Name varchar(50) Not Null
)' at line 3
MariaDB [MyTestDb]>
MariaDB [MyTestDb]> Create Table Client
    -> (
    -> AccountNumber int Primary Auto_Increment  ,
    -> Name varchar(50) Not Null
    -> );
ERROR 1064 (42000): You have an error in your SQL syntax; check the manual that corresponds to your MariaDB server version for the right syntax to use near 'Auto_Increment  ,
Name varchar(50) Not Null
)' at line 3
MariaDB [MyTestDb]>
MariaDB [MyTestDb]> Create Table Client
    -> (
    -> AccountNumber int Primary Auto_Increment  ,
    -> Name varchar(50) Not Null
    -> );
ERROR 1064 (42000): You have an error in your SQL syntax; check the manual that corresponds to your MariaDB server version for the right syntax to use near 'Auto_Increment  ,
Name varchar(50) Not Null
)' at line 3
MariaDB [MyTestDb]>
MariaDB [MyTestDb]> Create Table Client
    -> (
    -> AccountNumber int Primary Auto_Increment  ,
    -> Name varchar(50) Not Null
    -> );
ERROR 1064 (42000): You have an error in your SQL syntax; check the manual that corresponds to your MariaDB server version for the right syntax to use near 'Auto_Increment  ,
Name varchar(50) Not Null
)' at line 3
MariaDB [MyTestDb]>
MariaDB [MyTestDb]> Create Table Client
    -> (
    -> AccountNumber int Primary Auto_Increment  ,
    -> Name varchar(50) Not Null
    -> );Create Table Client
ERROR 1064 (42000): You have an error in your SQL syntax; check the manual that corresponds to your MariaDB server version for the right syntax to use near 'Auto_Increment  ,
Name varchar(50) Not Null
)' at line 3
    -> (
    -> AccountNumber int Primary Auto_Increment  ,
    -> Name varchar(50) Not Null
    -> );
ERROR 1064 (42000): You have an error in your SQL syntax; check the manual that corresponds to your MariaDB server version for the right syntax to use near 'Auto_Increment  ,
Name varchar(50) Not Null
)' at line 3
MariaDB [MyTestDb]> Create Table Client
    -> (
    -> AccountNumber int Primary Auto_Increment  ,
    -> Name varchar(50) Not Null
    -> );
ERROR 1064 (42000): You have an error in your SQL syntax; check the manual that corresponds to your MariaDB server version for the right syntax to use near 'Auto_Increment  ,
Name varchar(50) Not Null
)' at line 3
MariaDB [MyTestDb]> Create Table Client
    -> (
    -> AccountNumber int Primary Auto_Increment  ,
    -> Name varchar(50) Not Null
    -> );
ERROR 1064 (42000): You have an error in your SQL syntax; check the manual that corresponds to your MariaDB server version for the right syntax to use near 'Auto_Increment  ,
Name varchar(50) Not Null
)' at line 3
MariaDB [MyTestDb]>
MariaDB [MyTestDb]> Create Table Client
    -> (
    -> AccountNumber int Primary Auto_Increment  ,
    -> Name varchar(50) Not Null
    -> );
ERROR 1064 (42000): You have an error in your SQL syntax; check the manual that corresponds to your MariaDB server version for the right syntax to use near 'Auto_Increment  ,
Name varchar(50) Not Null
)' at line 3
MariaDB [MyTestDb]>
MariaDB [MyTestDb]> clear
MariaDB [MyTestDb]> ;
ERROR: No query specified

MariaDB [MyTestDb]> clear;
MariaDB [MyTestDb]> Create Table Client
    -> (
    -> AccountNumber int Primary Auto_Increment  ,
    -> Name varchar(50) Not Null
    -> );
ERROR 1064 (42000): You have an error in your SQL syntax; check the manual that corresponds to your MariaDB server version for the right syntax to use near 'Auto_Increment  ,
Name varchar(50) Not Null
)' at line 3
MariaDB [MyTestDb]>
MariaDB [MyTestDb]> Create Table Client
    -> (
    -> AccountNumber int(5) Primary Auto_Increment  ,
    -> Name varchar(50) Not Null
    -> );
ERROR 1064 (42000): You have an error in your SQL syntax; check the manual that corresponds to your MariaDB server version for the right syntax to use near 'Auto_Increment  ,
Name varchar(50) Not Null
)' at line 3
MariaDB [MyTestDb]> Create Table Client
    -> (
    -> AccountNumber int(5) Primary Auto_Increment  ,
    -> Name varchar(50) Not Null
    -> );
ERROR 1064 (42000): You have an error in your SQL syntax; check the manual that corresponds to your MariaDB server version for the right syntax to use near 'Auto_Increment  ,
Name varchar(50) Not Null
)' at line 3
MariaDB [MyTestDb]> exit
Bye

Abdeali@DESKTOP-ACDK2PF c:\xampp
# mysql -u root -p
Enter password:
Welcome to the MariaDB monitor.  Commands end with ; or \g.
Your MariaDB connection id is 3
Server version: 10.1.26-MariaDB mariadb.org binary distribution

Copyright (c) 2000, 2017, Oracle, MariaDB Corporation Ab and others.

Type 'help;' or '\h' for help. Type '\c' to clear the current input statement.

MariaDB [(none)]> use database MyTestDb;
ERROR 1049 (42000): Unknown database 'database'
MariaDB [(none)]> use MyTestDb;
Database changed
MariaDB [MyTestDb]> Create Table Client
    -> (
    -> AccountNumber int(5) Primary Auto_Increment  ,
    -> Name varchar(50) Not Null
    -> );
ERROR 1064 (42000): You have an error in your SQL syntax; check the manual that corresponds to your MariaDB server version for the right syntax to use near 'Auto_Increment  ,
Name varchar(50) Not Null
)' at line 3
MariaDB [MyTestDb]>
MariaDB [MyTestDb]>
MariaDB [MyTestDb]> Create Table Client
    -> (
    -> AccountNumber int(5) Primary Auto_Increment  ,
    -> Name varchar(50) Not Null
    -> );
ERROR 1064 (42000): You have an error in your SQL syntax; check the manual that corresponds to your MariaDB server version for the right syntax to use near 'Auto_Increment  ,
Name varchar(50) Not Null
)' at line 3
MariaDB [MyTestDb]> Create Table Client
    -> (
    -> AccountNumber int(5) Auto_Increment  ,
    -> Name varchar(50) Not Null,
    -> Primary (AccountNumber)
    -> );
ERROR 1064 (42000): You have an error in your SQL syntax; check the manual that corresponds to your MariaDB server version for the right syntax to use near '(AccountNumber)
)' at line 5
MariaDB [MyTestDb]> Create Table Client
    -> (
    -> AccountNumber int(5) Auto_Increment  ,
    -> Name varchar(50) Not Null,
    -> Primary Key (AccountNumber)
    -> );
Query OK, 0 rows affected (0.25 sec)

MariaDB [MyTestDb]> Create Table Employee
    -> (
    -> EmployeeId int Auto_Increment Primary Key Not NUll,
    -> Name varchar(50) NOT NULL,
    -> Position varchar(50) NOT NULL,
    -> Salary varchar(50) NOT NULL,
    -> Remarks varchar(50) NOT NULL
    -> );
Query OK, 0 rows affected (0.20 sec)

MariaDB [MyTestDb]>
MariaDB [MyTestDb]> Create Table Planet
    -> (
    -> PlanetId int Auto_Increment Primary Key Not NUll,
    -> Name varchar(50) NOT NULL,
    -> Coordinate double NOT NULL
    -> );
Query OK, 0 rows affected (0.34 sec)

MariaDB [MyTestDb]> Create Table Shipment
    -> (
    -> ShipmentId int Auto_Increment Primary Not NUll,
    -> ShipmentDate date ,
    -> Manager int,
    -> Planet int,
    -> Foreign Key (Manager) REFRENCES Employee(EmployeeId),
    -> Foreign Key (Planet) REFRENCES Planet(PlanetId)
    ->
    -> );
ERROR 1064 (42000): You have an error in your SQL syntax; check the manual that corresponds to your MariaDB server version for the right syntax to use near 'Not NUll,
ShipmentDate date ,
Manager int,
Planet int,
Foreign Key (Manager) REF' at line 3
MariaDB [MyTestDb]> Create Table Shipment
    -> (
    -> ShipmentId int Auto_Increment Primary Key Not NUll,
    -> ShipmentDate date ,
    -> Manager int,
    -> Planet int,
    -> Foreign Key (Manager) REFRENCES Employee(EmployeeId),
    -> Foreign Key (Planet) REFRENCES Planet(PlanetId)
    ->
    -> );
ERROR 1064 (42000): You have an error in your SQL syntax; check the manual that corresponds to your MariaDB server version for the right syntax to use near 'REFRENCES Employee(EmployeeId),
Foreign Key (Planet) REFRENCES Planet(PlanetId)
' at line 7
MariaDB [MyTestDb]> Create Table Shipment
    -> (
    -> ShipmentId int Auto_Increment Primary Key Not NUll,
    -> ShipmentDate date ,
    -> Manager int,
    -> PlanetId int,
    -> Foreign Key (Manager) REFRENCES Employee(EmployeeId),
    -> Foreign Key (PlanetId) REFRENCES Planet(PlanetId)
    ->
    -> );
ERROR 1064 (42000): You have an error in your SQL syntax; check the manual that corresponds to your MariaDB server version for the right syntax to use near 'REFRENCES Employee(EmployeeId),
Foreign Key (PlanetId) REFRENCES Planet(PlanetId' at line 7
MariaDB [MyTestDb]> Create Table Shipment
    -> (
    -> ShipmentId int Auto_Increment Primary Key Not NUll,
    -> ShipmentDate date ,
    -> Manager int,
    -> PlanetId int,
    -> Foreign Key (Manager) REFRENCES Employee(EmployeeId),
    -> Foreign Key (PlanetId) REFRENCES Planet(PlanetId)
    ->
    -> );
ERROR 1064 (42000): You have an error in your SQL syntax; check the manual that corresponds to your MariaDB server version for the right syntax to use near 'REFRENCES Employee(EmployeeId),
Foreign Key (PlanetId) REFRENCES Planet(PlanetId' at line 7
MariaDB [MyTestDb]> Create Table Shipment
    -> (
    -> ShipmentId int Auto_Increment Primary Key Not NUll,
    -> ShipmentDate date ,
    -> Manager int,
    -> PlanetId int,
    -> Foreign Key (Manager) REFERENCES Employee(EmployeeId),
    -> Foreign Key (PlanetId) REFERENCES Planet(PlanetId)
    ->
    -> );
Query OK, 0 rows affected (0.15 sec)

MariaDB [MyTestDb]> Create Table Package
    -> (
    -> PackageNumber int Auto_Increment Not NUll,
    -> Shipment int NOT NULL,
    -> Contents varchar(50) NOT NULL,
    -> Weight double ,
    -> Sender int NOT NULL,
    -> Recipient int NOT NULL,
    -> Foreign Key (Shipment) REFERENCES Shipment(ShipmentId),
    -> Foreign Key (Sender) REFERENCES Client(AccountNumber),
    -> Foreign Key (Recipient) REFERENCES Planet(AccountNumber),
    -> Primary(Shipment,PackageNumber)
    -> );
ERROR 1064 (42000): You have an error in your SQL syntax; check the manual that corresponds to your MariaDB server version for the right syntax to use near '(Shipment,PackageNumber)
)' at line 12
MariaDB [MyTestDb]> Create Table Package
    -> (
    -> PackageNumber int Auto_Increment Not NUll,
    -> Shipment int NOT NULL,
    -> Contents varchar(50) NOT NULL,
    -> Weight double ,
    -> Sender int NOT NULL,
    -> Recipient int NOT NULL,
    -> Foreign Key (Shipment) REFERENCES Shipment(ShipmentId),
    -> Foreign Key (Sender) REFERENCES Client(AccountNumber),
    -> Foreign Key (Recipient) REFERENCES Planet(AccountNumber),
    -> Primary KEy(Shipment,PackageNumber)
    -> );
ERROR 1075 (42000): Incorrect table definition; there can be only one auto column and it must be defined as a key
MariaDB [MyTestDb]>
MariaDB [MyTestDb]> Create Table Package
    -> (
    -> PackageNumber int Not NUll,
    -> Shipment int NOT NULL,
    -> Contents varchar(50) NOT NULL,
    -> Weight double ,
    -> Sender int NOT NULL,
    -> Recipient int NOT NULL,
    -> Foreign Key (Shipment) REFERENCES Shipment(ShipmentId),
    -> Foreign Key (Sender) REFERENCES Client(AccountNumber),
    -> Foreign Key (Recipient) REFERENCES Planet(AccountNumber),
    -> Primary KEy(Shipment,PackageNumber)
    -> );
ERROR 1005 (HY000): Can't create table `mytestdb`.`package` (errno: 150 "Foreign key constraint is incorrectly formed")
MariaDB [MyTestDb]> Create Table Package
    -> (
    -> PackageNumber int Not NUll,
    -> ShipmentId int NOT NULL,
    -> Contents varchar(50) NOT NULL,
    -> Weight double ,
    -> Sender int NOT NULL,
    -> Recipient int NOT NULL,
    -> Foreign Key (ShipmentId) REFERENCES Shipment(ShipmentId),
    -> Foreign Key (Sender) REFERENCES Client(AccountNumber),
    -> Foreign Key (Recipient) REFERENCES Planet(AccountNumber),
    -> Primary KEy(Shipment,PackageNumber)
    -> );
ERROR 1072 (42000): Key column 'Shipment' doesn't exist in table
MariaDB [MyTestDb]> Create Table Package
    -> (
    -> PackageNumber int Not NUll,
    -> ShipmentId int NOT NULL,
    -> Contents varchar(50) NOT NULL,
    -> Weight double ,
    -> Sender int NOT NULL,
    -> Recipient int NOT NULL,
    -> Foreign Key (ShipmentId) REFERENCES Shipment(ShipmentId),
    -> Foreign Key (Sender) REFERENCES Client(AccountNumber),
    -> Foreign Key (Recipient) REFERENCES Planet(AccountNumber),
    -> Primary KEy(Shipment,PackageNumber)
    -> );
ERROR 1072 (42000): Key column 'Shipment' doesn't exist in table
MariaDB [MyTestDb]> Create Table Package
    -> (
    -> PackageNumber int Not NUll,
    -> ShipmentId int NOT NULL,
    -> Contents varchar(50) NOT NULL,
    -> Weight double ,
    -> Sender int NOT NULL,
    -> Recipient int NOT NULL,
    -> Foreign Key (ShipmentId) REFERENCES Shipment(ShipmentId),
    -> Foreign Key (Sender) REFERENCES Client(AccountNumber),
    -> Foreign Key (Recipient) REFERENCES Planet(AccountNumber),
    -> Primary KEy(ShipmentId,PackageNumber)
    -> );
ERROR 1005 (HY000): Can't create table `mytestdb`.`package` (errno: 150 "Foreign key constraint is incorrectly formed")
MariaDB [MyTestDb]> Create Table Package
    -> (
    -> PackageNumber int Not NUll,
    -> ShipmentId int NOT NULL,
    -> Contents varchar(50) NOT NULL,
    -> Weight double ,
    -> Sender int NOT NULL,
    -> Recipient int NOT NULL,
    -> Foreign Key (ShipmentId) REFERENCES Shipment(ShipmentId),
    -> Foreign Key (Sender) REFERENCES Client(AccountNumber),
    -> Foreign Key (Recipient) REFERENCES Planet(AccountNumber),
    -> Primary KEy(ShipmentId,PackageNumber)
    -> );
ERROR 1005 (HY000): Can't create table `mytestdb`.`package` (errno: 150 "Foreign key constraint is incorrectly formed")
MariaDB [MyTestDb]> Create Table Package
    -> (
    -> PackageNumber int Not NUll,
    -> ShipmentId int NOT NULL,
    -> Contents varchar(50) NOT NULL,
    -> Weight double ,
    -> Sender int NOT NULL,
    -> Recipient int NOT NULL,
    -> Primary KEy(ShipmentId,PackageNumber),
    -> Foreign Key (ShipmentId) REFERENCES Shipment(ShipmentId),
    -> Foreign Key (Sender) REFERENCES Client(AccountNumber),
    -> Foreign Key (Recipient) REFERENCES Planet(AccountNumber)
    ->
    -> );
ERROR 1005 (HY000): Can't create table `mytestdb`.`package` (errno: 150 "Foreign key constraint is incorrectly formed")
MariaDB [MyTestDb]> CREATE TABLE Package (
    ->   Shipment INTEGER NOT NULL
    ->     CONSTRAINT fk_Shipment_ShipmentID REFERENCES Shipment(ShipmentID),
    ->   PackageNumber INTEGER NOT NULL,
    ->   Contents TEXT NOT NULL,
    ->   Weight REAL NOT NULL,
    ->   Sender INTEGER NOT NULL
    ->     CONSTRAINT fk_Client_AccountNumber REFERENCES Client(AccountNumber),
    ->   Recipient INTEGER NOT NULL
    ->     CONSTRAINT fk_Client_AccountNumber REFERENCES Client(AccountNumber),
    ->   PRIMARY KEY(Shipment, PackageNumber)
    -> );
ERROR 1064 (42000): You have an error in your SQL syntax; check the manual that corresponds to your MariaDB server version for the right syntax to use near 'CONSTRAINT fk_Shipment_ShipmentID REFERENCES Shipment(ShipmentID),
  PackageNumb' at line 3
MariaDB [MyTestDb]> Create Table Package
    -> (
    -> PackageNumber int Not NUll,
    -> ShipmentId int NOT NULL,
    -> Contents varchar(50) NOT NULL,
    -> Weight double ,
    -> Sender int NOT NULL,
    -> Recipient int NOT NULL,
    -> Foreign Key (ShipmentId) REFERENCES Shipment(ShipmentId),
    -> Foreign Key (Sender) REFERENCES Client(AccountNumber),
    -> Foreign Key (Recipient) REFERENCES Planet(AccountNumber),
    -> Primary KEy(ShipmentId,PackageNumber)
    ->
    -> );
ERROR 1005 (HY000): Can't create table `mytestdb`.`package` (errno: 150 "Foreign key constraint is incorrectly formed")
MariaDB [MyTestDb]> Create Table Package
    -> (
    -> PackageNumber int Not NUll,
    -> ShipmentId int ,
    -> Contents varchar(50) NOT NULL,
    -> Weight double ,
    -> Sender int NOT NULL,
    -> Recipient int NOT NULL,
    -> Foreign Key (ShipmentId) REFERENCES Shipment(ShipmentId),
    -> Foreign Key (Sender) REFERENCES Client(AccountNumber),
    -> Foreign Key (Recipient) REFERENCES Planet(AccountNumber),
    -> Primary KEy(ShipmentId,PackageNumber)
    ->
    -> );
ERROR 1005 (HY000): Can't create table `mytestdb`.`package` (errno: 150 "Foreign key constraint is incorrectly formed")
MariaDB [MyTestDb]> Create Table Package
    -> (
    -> PackageNumber int Not NUll,
    -> ShipmentId int ,
    -> Contents varchar(50) NOT NULL,
    -> Weight double ,
    -> Sender int NOT NULL,
    -> Recipient int NOT NULL,
    -> Foreign Key (ShipmentId) REFERENCES Shipment(ShipmentId),
    -> Foreign Key (Sender) REFERENCES Client(AccountNumber),
    -> Foreign Key (Recipient) REFERENCES Client(AccountNumber),
    -> Primary KEy(ShipmentId,PackageNumber)
    ->
    -> );
Query OK, 0 rows affected (0.20 sec)

MariaDB [MyTestDb]>
